jond312@jond312-System-Product-Name:~$ build-essential: sudo apt install build-essential
build-essential:: command not found
jond312@jond312-System-Product-Name:~$ sudo apt intall build-essential
[sudo] password for jond312: 
Sorry, try again.
[sudo] password for jond312: 
E: Invalid operation intall
jond312@jond312-System-Product-Name:~$ sudo apt intall build-essential
E: Invalid operation intall
jond312@jond312-System-Product-Name:~$ sudo apt-get install manpages-dev
Reading package lists... Done
Building dependency tree... Done
Reading state information... Done
The following packages were automatically installed and are no longer required:
  chromium-codecs-ffmpeg-extra gstreamer1.0-vaapi i965-va-driver intel-media-va-driver libaacs0 libaom3 libass9 libavcodec58 libavformat58 libavutil56 libbdplus0 libblas3 libbluray2 libbs2b0
  libchromaprint1 libcodec2-1.0 libdav1d5 libflite1 libgme0 libgsm1 libgstreamer-plugins-bad1.0-0 libigdgmm12 liblilv-0-0 libmfx1 libmysofa1 libnorm1 libnvidia-egl-wayland1 libnvidia-extra-515
  libopenmpt0 libpgm-5.3-0 libpostproc55 librabbitmq4 librubberband2 libserd-0-0 libshine3 libsnappy1v5 libsord-0-0 libsratom-0-0 libsrt1.4-gnutls libssh-gcrypt-4 libswresample3 libswscale5 libudfread0
  libva-drm2 libva-wayland2 libva-x11-2 libva2 libvidstab1.1 libx265-199 libxvidcore4 libzimg2 libzmq5 libzvbi-common libzvbi0 mesa-va-drivers pocketsphinx-en-us systemd-hwe-hwdb va-driver-all
Use 'sudo apt autoremove' to remove them.
The following NEW packages will be installed:
  manpages-dev
0 upgraded, 1 newly installed, 0 to remove and 252 not upgraded.
Need to get 2,309 kB of archives.
After this operation, 4,037 kB of additional disk space will be used.
Get:1 http://us.archive.ubuntu.com/ubuntu jammy/main amd64 manpages-dev all 5.10-1ubuntu1 [2,309 kB]
Fetched 2,309 kB in 0s (8,324 kB/s)    
Selecting previously unselected package manpages-dev.
(Reading database ... 199015 files and directories currently installed.)
Preparing to unpack .../manpages-dev_5.10-1ubuntu1_all.deb ...
Unpacking manpages-dev (5.10-1ubuntu1) ...
Setting up manpages-dev (5.10-1ubuntu1) ...
Processing triggers for man-db (2.10.2-1) ...
jond312@jond312-System-Product-Name:~$ sudo apt-get install build-essential
Reading package lists... Done
Building dependency tree... Done
Reading state information... Done
The following packages were automatically installed and are no longer required:
  chromium-codecs-ffmpeg-extra gstreamer1.0-vaapi i965-va-driver intel-media-va-driver libaacs0 libaom3 libass9 libavcodec58 libavformat58 libavutil56 libbdplus0 libblas3 libbluray2 libbs2b0
  libchromaprint1 libcodec2-1.0 libdav1d5 libflite1 libgme0 libgsm1 libgstreamer-plugins-bad1.0-0 libigdgmm12 liblilv-0-0 libmfx1 libmysofa1 libnorm1 libnvidia-egl-wayland1 libnvidia-extra-515
  libopenmpt0 libpgm-5.3-0 libpostproc55 librabbitmq4 librubberband2 libserd-0-0 libshine3 libsnappy1v5 libsord-0-0 libsratom-0-0 libsrt1.4-gnutls libssh-gcrypt-4 libswresample3 libswscale5 libudfread0
  libva-drm2 libva-wayland2 libva-x11-2 libva2 libvidstab1.1 libx265-199 libxvidcore4 libzimg2 libzmq5 libzvbi-common libzvbi0 mesa-va-drivers pocketsphinx-en-us systemd-hwe-hwdb va-driver-all
Use 'sudo apt autoremove' to remove them.
The following additional packages will be installed:
  cpp-11 dpkg-dev fakeroot g++ g++-11 gcc gcc-11 gcc-11-base libalgorithm-diff-perl libalgorithm-diff-xs-perl libalgorithm-merge-perl libasan6 libatomic1 libc-dev-bin libc-devtools libc6-dev libcc1-0
  libcrypt-dev libfakeroot libgcc-11-dev libitm1 liblsan0 libnsl-dev libquadmath0 libstdc++-11-dev libtirpc-dev libtsan0 libubsan1 linux-libc-dev lto-disabled-list make rpcsvc-proto
Suggested packages:
  gcc-11-locales debian-keyring g++-multilib g++-11-multilib gcc-11-doc gcc-multilib autoconf automake libtool flex bison gcc-doc gcc-11-multilib glibc-doc libstdc++-11-doc make-doc
The following NEW packages will be installed:
  build-essential dpkg-dev fakeroot g++ g++-11 gcc gcc-11 libalgorithm-diff-perl libalgorithm-diff-xs-perl libalgorithm-merge-perl libasan6 libatomic1 libc-dev-bin libc-devtools libc6-dev libcc1-0
  libcrypt-dev libfakeroot libgcc-11-dev libitm1 liblsan0 libnsl-dev libquadmath0 libstdc++-11-dev libtirpc-dev libtsan0 libubsan1 linux-libc-dev lto-disabled-list make rpcsvc-proto
The following packages will be upgraded:
  cpp-11 gcc-11-base
2 upgraded, 31 newly installed, 0 to remove and 250 not upgraded.
Need to get 48.1 MB/58.1 MB of archives.
After this operation, 164 MB of additional disk space will be used.
Do you want to continue? [Y/n] y
Get:1 http://us.archive.ubuntu.com/ubuntu jammy-updates/main amd64 libc-dev-bin amd64 2.35-0ubuntu3.1 [20.4 kB]
Get:2 http://us.archive.ubuntu.com/ubuntu jammy-updates/main amd64 linux-libc-dev amd64 5.15.0-60.66 [1,341 kB]
Get:3 http://us.archive.ubuntu.com/ubuntu jammy/main amd64 libcrypt-dev amd64 1:4.4.27-1 [112 kB]
Get:4 http://us.archive.ubuntu.com/ubuntu jammy/main amd64 rpcsvc-proto amd64 1.4.2-0ubuntu6 [68.5 kB]
Get:5 http://us.archive.ubuntu.com/ubuntu jammy-updates/main amd64 libtirpc-dev amd64 1.3.2-2ubuntu0.1 [192 kB]
Get:6 http://us.archive.ubuntu.com/ubuntu jammy/main amd64 libnsl-dev amd64 1.3.0-2build2 [71.3 kB]
Get:7 http://us.archive.ubuntu.com/ubuntu jammy-updates/main amd64 libc6-dev amd64 2.35-0ubuntu3.1 [2,099 kB]
Get:8 http://us.archive.ubuntu.com/ubuntu jammy-updates/main amd64 libcc1-0 amd64 12.1.0-2ubuntu1~22.04 [47.4 kB]
Get:9 http://us.archive.ubuntu.com/ubuntu jammy-updates/main amd64 libitm1 amd64 12.1.0-2ubuntu1~22.04 [30.2 kB]
Get:10 http://us.archive.ubuntu.com/ubuntu jammy-updates/main amd64 libatomic1 amd64 12.1.0-2ubuntu1~22.04 [10.4 kB]
Get:11 http://us.archive.ubuntu.com/ubuntu jammy-updates/main amd64 libasan6 amd64 11.3.0-1ubuntu1~22.04 [2,284 kB]
Get:12 http://us.archive.ubuntu.com/ubuntu jammy-updates/main amd64 liblsan0 amd64 12.1.0-2ubuntu1~22.04 [1,069 kB]
Get:13 http://us.archive.ubuntu.com/ubuntu jammy-updates/main amd64 libtsan0 amd64 11.3.0-1ubuntu1~22.04 [2,262 kB]
Get:14 http://us.archive.ubuntu.com/ubuntu jammy-updates/main amd64 libubsan1 amd64 12.1.0-2ubuntu1~22.04 [976 kB]
Get:15 http://us.archive.ubuntu.com/ubuntu jammy-updates/main amd64 libquadmath0 amd64 12.1.0-2ubuntu1~22.04 [154 kB]
Get:16 http://us.archive.ubuntu.com/ubuntu jammy-updates/main amd64 libgcc-11-dev amd64 11.3.0-1ubuntu1~22.04 [2,517 kB]
Get:17 http://us.archive.ubuntu.com/ubuntu jammy-updates/main amd64 gcc-11 amd64 11.3.0-1ubuntu1~22.04 [20.1 MB]
Get:18 http://us.archive.ubuntu.com/ubuntu jammy/main amd64 gcc amd64 4:11.2.0-1ubuntu1 [5,112 B]
Get:19 http://us.archive.ubuntu.com/ubuntu jammy-updates/main amd64 libstdc++-11-dev amd64 11.3.0-1ubuntu1~22.04 [2,087 kB]
Get:20 http://us.archive.ubuntu.com/ubuntu jammy-updates/main amd64 g++-11 amd64 11.3.0-1ubuntu1~22.04 [11.4 MB]
Get:21 http://us.archive.ubuntu.com/ubuntu jammy/main amd64 g++ amd64 4:11.2.0-1ubuntu1 [1,412 B]
Get:22 http://us.archive.ubuntu.com/ubuntu jammy/main amd64 make amd64 4.3-4.1build1 [180 kB]
Get:23 http://us.archive.ubuntu.com/ubuntu jammy/main amd64 lto-disabled-list all 24 [12.5 kB]
Get:24 http://us.archive.ubuntu.com/ubuntu jammy-updates/main amd64 dpkg-dev all 1.21.1ubuntu2.1 [922 kB]
Get:25 http://us.archive.ubuntu.com/ubuntu jammy/main amd64 build-essential amd64 12.9ubuntu3 [4,744 B]
Get:26 http://us.archive.ubuntu.com/ubuntu jammy/main amd64 libfakeroot amd64 1.28-1ubuntu1 [31.5 kB]
Get:27 http://us.archive.ubuntu.com/ubuntu jammy/main amd64 fakeroot amd64 1.28-1ubuntu1 [60.4 kB]
Get:28 http://us.archive.ubuntu.com/ubuntu jammy/main amd64 libalgorithm-diff-perl all 1.201-1 [41.8 kB]
Get:29 http://us.archive.ubuntu.com/ubuntu jammy/main amd64 libalgorithm-diff-xs-perl amd64 0.04-6build3 [11.9 kB]
Get:30 http://us.archive.ubuntu.com/ubuntu jammy/main amd64 libalgorithm-merge-perl all 0.08-3 [12.0 kB]
Get:31 http://us.archive.ubuntu.com/ubuntu jammy-updates/main amd64 libc-devtools amd64 2.35-0ubuntu3.1 [28.9 kB]
Fetched 48.1 MB in 3s (18.2 MB/s)    
Extracting templates from packages: 100%
Selecting previously unselected package libc-dev-bin.
(Reading database ... 201146 files and directories currently installed.)
Preparing to unpack .../00-libc-dev-bin_2.35-0ubuntu3.1_amd64.deb ...
Unpacking libc-dev-bin (2.35-0ubuntu3.1) ...
Selecting previously unselected package linux-libc-dev:amd64.
Preparing to unpack .../01-linux-libc-dev_5.15.0-60.66_amd64.deb ...
Unpacking linux-libc-dev:amd64 (5.15.0-60.66) ...
Selecting previously unselected package libcrypt-dev:amd64.
Preparing to unpack .../02-libcrypt-dev_1%3a4.4.27-1_amd64.deb ...
Unpacking libcrypt-dev:amd64 (1:4.4.27-1) ...
Selecting previously unselected package rpcsvc-proto.
Preparing to unpack .../03-rpcsvc-proto_1.4.2-0ubuntu6_amd64.deb ...
Unpacking rpcsvc-proto (1.4.2-0ubuntu6) ...
Selecting previously unselected package libtirpc-dev:amd64.
Preparing to unpack .../04-libtirpc-dev_1.3.2-2ubuntu0.1_amd64.deb ...
Unpacking libtirpc-dev:amd64 (1.3.2-2ubuntu0.1) ...
Selecting previously unselected package libnsl-dev:amd64.
Preparing to unpack .../05-libnsl-dev_1.3.0-2build2_amd64.deb ...
Unpacking libnsl-dev:amd64 (1.3.0-2build2) ...
Selecting previously unselected package libc6-dev:amd64.
Preparing to unpack .../06-libc6-dev_2.35-0ubuntu3.1_amd64.deb ...
Unpacking libc6-dev:amd64 (2.35-0ubuntu3.1) ...
Preparing to unpack .../07-cpp-11_11.3.0-1ubuntu1~22.04_amd64.deb ...
Unpacking cpp-11 (11.3.0-1ubuntu1~22.04) over (11.2.0-19ubuntu1) ...
Preparing to unpack .../08-gcc-11-base_11.3.0-1ubuntu1~22.04_amd64.deb ...
Unpacking gcc-11-base:amd64 (11.3.0-1ubuntu1~22.04) over (11.2.0-19ubuntu1) ...
Selecting previously unselected package libcc1-0:amd64.
Preparing to unpack .../09-libcc1-0_12.1.0-2ubuntu1~22.04_amd64.deb ...
Unpacking libcc1-0:amd64 (12.1.0-2ubuntu1~22.04) ...
Selecting previously unselected package libitm1:amd64.
Preparing to unpack .../10-libitm1_12.1.0-2ubuntu1~22.04_amd64.deb ...
Unpacking libitm1:amd64 (12.1.0-2ubuntu1~22.04) ...
Selecting previously unselected package libatomic1:amd64.
Preparing to unpack .../11-libatomic1_12.1.0-2ubuntu1~22.04_amd64.deb ...
Unpacking libatomic1:amd64 (12.1.0-2ubuntu1~22.04) ...
Selecting previously unselected package libasan6:amd64.
Preparing to unpack .../12-libasan6_11.3.0-1ubuntu1~22.04_amd64.deb ...
Unpacking libasan6:amd64 (11.3.0-1ubuntu1~22.04) ...
Selecting previously unselected package liblsan0:amd64.
Preparing to unpack .../13-liblsan0_12.1.0-2ubuntu1~22.04_amd64.deb ...
Unpacking liblsan0:amd64 (12.1.0-2ubuntu1~22.04) ...
Selecting previously unselected package libtsan0:amd64.
Preparing to unpack .../14-libtsan0_11.3.0-1ubuntu1~22.04_amd64.deb ...
Unpacking libtsan0:amd64 (11.3.0-1ubuntu1~22.04) ...
Selecting previously unselected package libubsan1:amd64.
Preparing to unpack .../15-libubsan1_12.1.0-2ubuntu1~22.04_amd64.deb ...
Unpacking libubsan1:amd64 (12.1.0-2ubuntu1~22.04) ...
Selecting previously unselected package libquadmath0:amd64.
Preparing to unpack .../16-libquadmath0_12.1.0-2ubuntu1~22.04_amd64.deb ...
Unpacking libquadmath0:amd64 (12.1.0-2ubuntu1~22.04) ...
Selecting previously unselected package libgcc-11-dev:amd64.
Preparing to unpack .../17-libgcc-11-dev_11.3.0-1ubuntu1~22.04_amd64.deb ...
Unpacking libgcc-11-dev:amd64 (11.3.0-1ubuntu1~22.04) ...
Selecting previously unselected package gcc-11.
Preparing to unpack .../18-gcc-11_11.3.0-1ubuntu1~22.04_amd64.deb ...
Unpacking gcc-11 (11.3.0-1ubuntu1~22.04) ...
Selecting previously unselected package gcc.
Preparing to unpack .../19-gcc_4%3a11.2.0-1ubuntu1_amd64.deb ...
Unpacking gcc (4:11.2.0-1ubuntu1) ...
Selecting previously unselected package libstdc++-11-dev:amd64.
Preparing to unpack .../20-libstdc++-11-dev_11.3.0-1ubuntu1~22.04_amd64.deb ...
Unpacking libstdc++-11-dev:amd64 (11.3.0-1ubuntu1~22.04) ...
Selecting previously unselected package g++-11.
Preparing to unpack .../21-g++-11_11.3.0-1ubuntu1~22.04_amd64.deb ...
Unpacking g++-11 (11.3.0-1ubuntu1~22.04) ...
Selecting previously unselected package g++.
Preparing to unpack .../22-g++_4%3a11.2.0-1ubuntu1_amd64.deb ...
Unpacking g++ (4:11.2.0-1ubuntu1) ...
Selecting previously unselected package make.
Preparing to unpack .../23-make_4.3-4.1build1_amd64.deb ...
Unpacking make (4.3-4.1build1) ...
Selecting previously unselected package lto-disabled-list.
Preparing to unpack .../24-lto-disabled-list_24_all.deb ...
Unpacking lto-disabled-list (24) ...
Selecting previously unselected package dpkg-dev.
Preparing to unpack .../25-dpkg-dev_1.21.1ubuntu2.1_all.deb ...
Unpacking dpkg-dev (1.21.1ubuntu2.1) ...
Selecting previously unselected package build-essential.
Preparing to unpack .../26-build-essential_12.9ubuntu3_amd64.deb ...
Unpacking build-essential (12.9ubuntu3) ...
Selecting previously unselected package libfakeroot:amd64.
Preparing to unpack .../27-libfakeroot_1.28-1ubuntu1_amd64.deb ...
Unpacking libfakeroot:amd64 (1.28-1ubuntu1) ...
Selecting previously unselected package fakeroot.
Preparing to unpack .../28-fakeroot_1.28-1ubuntu1_amd64.deb ...
Unpacking fakeroot (1.28-1ubuntu1) ...
Selecting previously unselected package libalgorithm-diff-perl.
Preparing to unpack .../29-libalgorithm-diff-perl_1.201-1_all.deb ...
Unpacking libalgorithm-diff-perl (1.201-1) ...
Selecting previously unselected package libalgorithm-diff-xs-perl.
Preparing to unpack .../30-libalgorithm-diff-xs-perl_0.04-6build3_amd64.deb ...
Unpacking libalgorithm-diff-xs-perl (0.04-6build3) ...
Selecting previously unselected package libalgorithm-merge-perl.
Preparing to unpack .../31-libalgorithm-merge-perl_0.08-3_all.deb ...
Unpacking libalgorithm-merge-perl (0.08-3) ...
Selecting previously unselected package libc-devtools.
Preparing to unpack .../32-libc-devtools_2.35-0ubuntu3.1_amd64.deb ...
Unpacking libc-devtools (2.35-0ubuntu3.1) ...
Setting up gcc-11-base:amd64 (11.3.0-1ubuntu1~22.04) ...
Setting up lto-disabled-list (24) ...
Setting up libalgorithm-diff-perl (1.201-1) ...
Setting up linux-libc-dev:amd64 (5.15.0-60.66) ...
Setting up libfakeroot:amd64 (1.28-1ubuntu1) ...
Setting up libasan6:amd64 (11.3.0-1ubuntu1~22.04) ...
Setting up fakeroot (1.28-1ubuntu1) ...
update-alternatives: using /usr/bin/fakeroot-sysv to provide /usr/bin/fakeroot (fakeroot) in auto mode
Setting up libtirpc-dev:amd64 (1.3.2-2ubuntu0.1) ...
Setting up rpcsvc-proto (1.4.2-0ubuntu6) ...
Setting up make (4.3-4.1build1) ...
Setting up libquadmath0:amd64 (12.1.0-2ubuntu1~22.04) ...
Setting up libatomic1:amd64 (12.1.0-2ubuntu1~22.04) ...
Setting up libubsan1:amd64 (12.1.0-2ubuntu1~22.04) ...
Setting up libnsl-dev:amd64 (1.3.0-2build2) ...
Setting up libcrypt-dev:amd64 (1:4.4.27-1) ...
Setting up libc-dev-bin (2.35-0ubuntu3.1) ...
Setting up libalgorithm-diff-xs-perl (0.04-6build3) ...
Setting up libcc1-0:amd64 (12.1.0-2ubuntu1~22.04) ...
Setting up liblsan0:amd64 (12.1.0-2ubuntu1~22.04) ...
Setting up libitm1:amd64 (12.1.0-2ubuntu1~22.04) ...
Setting up libc-devtools (2.35-0ubuntu3.1) ...
Setting up libalgorithm-merge-perl (0.08-3) ...
Setting up libtsan0:amd64 (11.3.0-1ubuntu1~22.04) ...
Setting up cpp-11 (11.3.0-1ubuntu1~22.04) ...
Setting up dpkg-dev (1.21.1ubuntu2.1) ...
Setting up libgcc-11-dev:amd64 (11.3.0-1ubuntu1~22.04) ...
Setting up gcc-11 (11.3.0-1ubuntu1~22.04) ...
Setting up libc6-dev:amd64 (2.35-0ubuntu3.1) ...
Setting up gcc (4:11.2.0-1ubuntu1) ...
Setting up libstdc++-11-dev:amd64 (11.3.0-1ubuntu1~22.04) ...
Setting up g++-11 (11.3.0-1ubuntu1~22.04) ...
Setting up g++ (4:11.2.0-1ubuntu1) ...
update-alternatives: using /usr/bin/g++ to provide /usr/bin/c++ (c++) in auto mode
Setting up build-essential (12.9ubuntu3) ...
Processing triggers for man-db (2.10.2-1) ...
Processing triggers for libc-bin (2.35-0ubuntu3.1) ...
jond312@jond312-System-Product-Name:~$ sudo apt-get install libsdl2-dev
Reading package lists... Done
Building dependency tree... Done
Reading state information... Done
Some packages could not be installed. This may mean that you have
requested an impossible situation or if you are using the unstable
distribution that some required packages have not yet been created
or been moved out of Incoming.
The following information may help to resolve the situation:

The following packages have unmet dependencies:
 udev : Breaks: systemd (< 249.11-0ubuntu3.6)
        Breaks: systemd:i386 (< 249.11-0ubuntu3.6)
E: Error, pkgProblemResolver::Resolve generated breaks, this may be caused by held packages.
jond312@jond312-System-Product-Name:~$ sudo apt -y install coreutils
Reading package lists... Done
Building dependency tree... Done
Reading state information... Done
coreutils is already the newest version (8.32-4.1ubuntu1).
coreutils set to manually installed.
The following packages were automatically installed and are no longer required:
  chromium-codecs-ffmpeg-extra gstreamer1.0-vaapi i965-va-driver intel-media-va-driver libaacs0 libaom3 libass9
  libavcodec58 libavformat58 libavutil56 libbdplus0 libblas3 libbluray2 libbs2b0 libchromaprint1 libcodec2-1.0
  libdav1d5 libflite1 libgme0 libgsm1 libgstreamer-plugins-bad1.0-0 libigdgmm12 liblilv-0-0 libmfx1 libmysofa1
  libnorm1 libnvidia-egl-wayland1 libnvidia-extra-515 libopenmpt0 libpgm-5.3-0 libpostproc55 librabbitmq4
  librubberband2 libserd-0-0 libshine3 libsnappy1v5 libsord-0-0 libsratom-0-0 libsrt1.4-gnutls libssh-gcrypt-4
  libswresample3 libswscale5 libudfread0 libva-drm2 libva-wayland2 libva-x11-2 libva2 libvidstab1.1 libx265-199
  libxvidcore4 libzimg2 libzmq5 libzvbi-common libzvbi0 mesa-va-drivers pocketsphinx-en-us systemd-hwe-hwdb
  va-driver-all
Use 'sudo apt autoremove' to remove them.
0 upgraded, 0 newly installed, 0 to remove and 250 not upgraded.
jond312@jond312-System-Product-Name:~$ https://bedtools.readthedocs.io/en/latest/content/installation.html
bash: https://bedtools.readthedocs.io/en/latest/content/installation.html: No such file or directory
jond312@jond312-System-Product-Name:~$ apt-get install bedtools
E: Could not open lock file /var/lib/dpkg/lock-frontend - open (13: Permission denied)
E: Unable to acquire the dpkg frontend lock (/var/lib/dpkg/lock-frontend), are you root?
jond312@jond312-System-Product-Name:~$ sudo apt-get intall bedtools
E: Invalid operation intall
jond312@jond312-System-Product-Name:~$ mv bedtools.static.binary bedtools
mv: cannot stat 'bedtools.static.binary': No such file or directory
jond312@jond312-System-Product-Name:~$ sujond312@jond312-System-Product-Name:~$ build-essential: sudo apt install build-essential
build-essential:: command not found
jond312@jond312-System-Product-Name:~$ sudo apt intall build-essential
[sudo] password for jond312: 
Sorry, try again.
[sudo] password for jond312: 
E: Invalid operation intall
jond312@jond312-System-Product-Name:~$ sudo apt intall build-essential
E: Invalid operation intall
jond312@jond312-System-Product-Name:~$ sudo apt-get install manpages-dev
Reading package lists... Done
Building dependency tree... Done
Reading state information... Done
The following packages were automatically installed and are no longer required:
  chromium-codecs-ffmpeg-extra gstreamer1.0-vaapi i965-va-driver intel-media-va-driver libaacs0 libaom3 libass9 libavcodec58 libavformat58 libavutil56 libbdplus0 libblas3 libbluray2 libbs2b0
  libchromaprint1 libcodec2-1.0 libdav1d5 libflite1 libgme0 libgsm1 libgstreamer-plugins-bad1.0-0 libigdgmm12 liblilv-0-0 libmfx1 libmysofa1 libnorm1 libnvidia-egl-wayland1 libnvidia-extra-515
  libopenmpt0 libpgm-5.3-0 libpostproc55 librabbitmq4 librubberband2 libserd-0-0 libshine3 libsnappy1v5 libsord-0-0 libsratom-0-0 libsrt1.4-gnutls libssh-gcrypt-4 libswresample3 libswscale5 libudfread0
  libva-drm2 libva-wayland2 libva-x11-2 libva2 libvidstab1.1 libx265-199 libxvidcore4 libzimg2 libzmq5 libzvbi-common libzvbi0 mesa-va-drivers pocketsphinx-en-us systemd-hwe-hwdb va-driver-all
Use 'sudo apt autoremove' to remove them.
The following NEW packages will be installed:
  manpages-dev
0 upgraded, 1 newly installed, 0 to remove and 252 not upgraded.
Need to get 2,309 kB of archives.
After this operation, 4,037 kB of additional disk space will be used.
Get:1 http://us.archive.ubuntu.com/ubuntu jammy/main amd64 manpages-dev all 5.10-1ubuntu1 [2,309 kB]
Fetched 2,309 kB in 0s (8,324 kB/s)    
Selecting previously unselected package manpages-dev.
(Reading database ... 199015 files and directories currently installed.)
Preparing to unpack .../manpages-dev_5.10-1ubuntu1_all.deb ...
Unpacking manpages-dev (5.10-1ubuntu1) ...
Setting up manpages-dev (5.10-1ubuntu1) ...
Processing triggers for man-db (2.10.2-1) ...
jond312@jond312-System-Product-Name:~$ sudo apt-get install build-essential
Reading package lists... Done
Building dependency tree... Done
Reading state information... Done
The following packages were automatically installed and are no longer required:
  chromium-codecs-ffmpeg-extra gstreamer1.0-vaapi i965-va-driver intel-media-va-driver libaacs0 libaom3 libass9 libavcodec58 libavformat58 libavutil56 libbdplus0 libblas3 libbluray2 libbs2b0
  libchromaprint1 libcodec2-1.0 libdav1d5 libflite1 libgme0 libgsm1 libgstreamer-plugins-bad1.0-0 libigdgmm12 liblilv-0-0 libmfx1 libmysofa1 libnorm1 libnvidia-egl-wayland1 libnvidia-extra-515
  libopenmpt0 libpgm-5.3-0 libpostproc55 librabbitmq4 librubberband2 libserd-0-0 libshine3 libsnappy1v5 libsord-0-0 libsratom-0-0 libsrt1.4-gnutls libssh-gcrypt-4 libswresample3 libswscale5 libudfread0
  libva-drm2 libva-wayland2 libva-x11-2 libva2 libvidstab1.1 libx265-199 libxvidcore4 libzimg2 libzmq5 libzvbi-common libzvbi0 mesa-va-drivers pocketsphinx-en-us systemd-hwe-hwdb va-driver-all
Use 'sudo apt autoremove' to remove them.
The following additional packages will be installed:
  cpp-11 dpkg-dev fakeroot g++ g++-11 gcc gcc-11 gcc-11-base libalgorithm-diff-perl libalgorithm-diff-xs-perl libalgorithm-merge-perl libasan6 libatomic1 libc-dev-bin libc-devtools libc6-dev libcc1-0
  libcrypt-dev libfakeroot libgcc-11-dev libitm1 liblsan0 libnsl-dev libquadmath0 libstdc++-11-dev libtirpc-dev libtsan0 libubsan1 linux-libc-dev lto-disabled-list make rpcsvc-proto
Suggested packages:
  gcc-11-locales debian-keyring g++-multilib g++-11-multilib gcc-11-doc gcc-multilib autoconf automake libtool flex bison gcc-doc gcc-11-multilib glibc-doc libstdc++-11-doc make-doc
The following NEW packages will be installed:
  build-essential dpkg-dev fakeroot g++ g++-11 gcc gcc-11 libalgorithm-diff-perl libalgorithm-diff-xs-perl libalgorithm-merge-perl libasan6 libatomic1 libc-dev-bin libc-devtools libc6-dev libcc1-0
  libcrypt-dev libfakeroot libgcc-11-dev libitm1 liblsan0 libnsl-dev libquadmath0 libstdc++-11-dev libtirpc-dev libtsan0 libubsan1 linux-libc-dev lto-disabled-list make rpcsvc-proto
The following packages will be upgraded:
  cpp-11 gcc-11-base
2 upgraded, 31 newly installed, 0 to remove and 250 not upgraded.
Need to get 48.1 MB/58.1 MB of archives.
After this operation, 164 MB of additional disk space will be used.
Do you want to continue? [Y/n] y
Get:1 http://us.archive.ubuntu.com/ubuntu jammy-updates/main amd64 libc-dev-bin amd64 2.35-0ubuntu3.1 [20.4 kB]
Get:2 http://us.archive.ubuntu.com/ubuntu jammy-updates/main amd64 linux-libc-dev amd64 5.15.0-60.66 [1,341 kB]
Get:3 http://us.archive.ubuntu.com/ubuntu jammy/main amd64 libcrypt-dev amd64 1:4.4.27-1 [112 kB]
Get:4 http://us.archive.ubuntu.com/ubuntu jammy/main amd64 rpcsvc-proto amd64 1.4.2-0ubuntu6 [68.5 kB]
Get:5 http://us.archive.ubuntu.com/ubuntu jammy-updates/main amd64 libtirpc-dev amd64 1.3.2-2ubuntu0.1 [192 kB]
Get:6 http://us.archive.ubuntu.com/ubuntu jammy/main amd64 libnsl-dev amd64 1.3.0-2build2 [71.3 kB]
Get:7 http://us.archive.ubuntu.com/ubuntu jammy-updates/main amd64 libc6-dev amd64 2.35-0ubuntu3.1 [2,099 kB]
Get:8 http://us.archive.ubuntu.com/ubuntu jammy-updates/main amd64 libcc1-0 amd64 12.1.0-2ubuntu1~22.04 [47.4 kB]
Get:9 http://us.archive.ubuntu.com/ubuntu jammy-updates/main amd64 libitm1 amd64 12.1.0-2ubuntu1~22.04 [30.2 kB]
Get:10 http://us.archive.ubuntu.com/ubuntu jammy-updates/main amd64 libatomic1 amd64 12.1.0-2ubuntu1~22.04 [10.4 kB]
Get:11 http://us.archive.ubuntu.com/ubuntu jammy-updates/main amd64 libasan6 amd64 11.3.0-1ubuntu1~22.04 [2,284 kB]
Get:12 http://us.archive.ubuntu.com/ubuntu jammy-updates/main amd64 liblsan0 amd64 12.1.0-2ubuntu1~22.04 [1,069 kB]
Get:13 http://us.archive.ubuntu.com/ubuntu jammy-updates/main amd64 libtsan0 amd64 11.3.0-1ubuntu1~22.04 [2,262 kB]
Get:14 http://us.archive.ubuntu.com/ubuntu jammy-updates/main amd64 libubsan1 amd64 12.1.0-2ubuntu1~22.04 [976 kB]
Get:15 http://us.archive.ubuntu.com/ubuntu jammy-updates/main amd64 libquadmath0 amd64 12.1.0-2ubuntu1~22.04 [154 kB]
Get:16 http://us.archive.ubuntu.com/ubuntu jammy-updates/main amd64 libgcc-11-dev amd64 11.3.0-1ubuntu1~22.04 [2,517 kB]
Get:17 http://us.archive.ubuntu.com/ubuntu jammy-updates/main amd64 gcc-11 amd64 11.3.0-1ubuntu1~22.04 [20.1 MB]
Get:18 http://us.archive.ubuntu.com/ubuntu jammy/main amd64 gcc amd64 4:11.2.0-1ubuntu1 [5,112 B]
Get:19 http://us.archive.ubuntu.com/ubuntu jammy-updates/main amd64 libstdc++-11-dev amd64 11.3.0-1ubuntu1~22.04 [2,087 kB]
Get:20 http://us.archive.ubuntu.com/ubuntu jammy-updates/main amd64 g++-11 amd64 11.3.0-1ubuntu1~22.04 [11.4 MB]
Get:21 http://us.archive.ubuntu.com/ubuntu jammy/main amd64 g++ amd64 4:11.2.0-1ubuntu1 [1,412 B]
Get:22 http://us.archive.ubuntu.com/ubuntu jammy/main amd64 make amd64 4.3-4.1build1 [180 kB]
Get:23 http://us.archive.ubuntu.com/ubuntu jammy/main amd64 lto-disabled-list all 24 [12.5 kB]
Get:24 http://us.archive.ubuntu.com/ubuntu jammy-updates/main amd64 dpkg-dev all 1.21.1ubuntu2.1 [922 kB]
Get:25 http://us.archive.ubuntu.com/ubuntu jammy/main amd64 build-essential amd64 12.9ubuntu3 [4,744 B]
Get:26 http://us.archive.ubuntu.com/ubuntu jammy/main amd64 libfakeroot amd64 1.28-1ubuntu1 [31.5 kB]
Get:27 http://us.archive.ubuntu.com/ubuntu jammy/main amd64 fakeroot amd64 1.28-1ubuntu1 [60.4 kB]
Get:28 http://us.archive.ubuntu.com/ubuntu jammy/main amd64 libalgorithm-diff-perl all 1.201-1 [41.8 kB]
Get:29 http://us.archive.ubuntu.com/ubuntu jammy/main amd64 libalgorithm-diff-xs-perl amd64 0.04-6build3 [11.9 kB]
Get:30 http://us.archive.ubuntu.com/ubuntu jammy/main amd64 libalgorithm-merge-perl all 0.08-3 [12.0 kB]
Get:31 http://us.archive.ubuntu.com/ubuntu jammy-updates/main amd64 libc-devtools amd64 2.35-0ubuntu3.1 [28.9 kB]
Fetched 48.1 MB in 3s (18.2 MB/s)    
Extracting templates from packages: 100%
Selecting previously unselected package libc-dev-bin.
(Reading database ... 201146 files and directories currently installed.)
Preparing to unpack .../00-libc-dev-bin_2.35-0ubuntu3.1_amd64.deb ...
Unpacking libc-dev-bin (2.35-0ubuntu3.1) ...
Selecting previously unselected package linux-libc-dev:amd64.
Preparing to unpack .../01-linux-libc-dev_5.15.0-60.66_amd64.deb ...
Unpacking linux-libc-dev:amd64 (5.15.0-60.66) ...
Selecting previously unselected package libcrypt-dev:amd64.
Preparing to unpack .../02-libcrypt-dev_1%3a4.4.27-1_amd64.deb ...
Unpacking libcrypt-dev:amd64 (1:4.4.27-1) ...
Selecting previously unselected package rpcsvc-proto.
Preparing to unpack .../03-rpcsvc-proto_1.4.2-0ubuntu6_amd64.deb ...
Unpacking rpcsvc-proto (1.4.2-0ubuntu6) ...
Selecting previously unselected package libtirpc-dev:amd64.
Preparing to unpack .../04-libtirpc-dev_1.3.2-2ubuntu0.1_amd64.deb ...
Unpacking libtirpc-dev:amd64 (1.3.2-2ubuntu0.1) ...
Selecting previously unselected package libnsl-dev:amd64.
Preparing to unpack .../05-libnsl-dev_1.3.0-2build2_amd64.deb ...
Unpacking libnsl-dev:amd64 (1.3.0-2build2) ...
Selecting previously unselected package libc6-dev:amd64.
Preparing to unpack .../06-libc6-dev_2.35-0ubuntu3.1_amd64.deb ...
Unpacking libc6-dev:amd64 (2.35-0ubuntu3.1) ...
Preparing to unpack .../07-cpp-11_11.3.0-1ubuntu1~22.04_amd64.deb ...
Unpacking cpp-11 (11.3.0-1ubuntu1~22.04) over (11.2.0-19ubuntu1) ...
Preparing to unpack .../08-gcc-11-base_11.3.0-1ubuntu1~22.04_amd64.deb ...
Unpacking gcc-11-base:amd64 (11.3.0-1ubuntu1~22.04) over (11.2.0-19ubuntu1) ...
Selecting previously unselected package libcc1-0:amd64.
Preparing to unpack .../09-libcc1-0_12.1.0-2ubuntu1~22.04_amd64.deb ...
Unpacking libcc1-0:amd64 (12.1.0-2ubuntu1~22.04) ...
Selecting previously unselected package libitm1:amd64.
Preparing to unpack .../10-libitm1_12.1.0-2ubuntu1~22.04_amd64.deb ...
Unpacking libitm1:amd64 (12.1.0-2ubuntu1~22.04) ...
Selecting previously unselected package libatomic1:amd64.
Preparing to unpack .../11-libatomic1_12.1.0-2ubuntu1~22.04_amd64.deb ...
Unpacking libatomic1:amd64 (12.1.0-2ubuntu1~22.04) ...
Selecting previously unselected package libasan6:amd64.
Preparing to unpack .../12-libasan6_11.3.0-1ubuntu1~22.04_amd64.deb ...
Unpacking libasan6:amd64 (11.3.0-1ubuntu1~22.04) ...
Selecting previously unselected package liblsan0:amd64.
Preparing to unpack .../13-liblsan0_12.1.0-2ubuntu1~22.04_amd64.deb ...
Unpacking liblsan0:amd64 (12.1.0-2ubuntu1~22.04) ...
Selecting previously unselected package libtsan0:amd64.
Preparing to unpack .../14-libtsan0_11.3.0-1ubuntu1~22.04_amd64.deb ...
Unpacking libtsan0:amd64 (11.3.0-1ubuntu1~22.04) ...
Selecting previously unselected package libubsan1:amd64.
Preparing to unpack .../15-libubsan1_12.1.0-2ubuntu1~22.04_amd64.deb ...
Unpacking libubsan1:amd64 (12.1.0-2ubuntu1~22.04) ...
Selecting previously unselected package libquadmath0:amd64.
Preparing to unpack .../16-libquadmath0_12.1.0-2ubuntu1~22.04_amd64.deb ...
Unpacking libquadmath0:amd64 (12.1.0-2ubuntu1~22.04) ...
Selecting previously unselected package libgcc-11-dev:amd64.
Preparing to unpack .../17-libgcc-11-dev_11.3.0-1ubuntu1~22.04_amd64.deb ...
Unpacking libgcc-11-dev:amd64 (11.3.0-1ubuntu1~22.04) ...
Selecting previously unselected package gcc-11.
Preparing to unpack .../18-gcc-11_11.3.0-1ubuntu1~22.04_amd64.deb ...
Unpacking gcc-11 (11.3.0-1ubuntu1~22.04) ...
Selecting previously unselected package gcc.
Preparing to unpack .../19-gcc_4%3a11.2.0-1ubuntu1_amd64.deb ...
Unpacking gcc (4:11.2.0-1ubuntu1) ...
Selecting previously unselected package libstdc++-11-dev:amd64.
Preparing to unpack .../20-libstdc++-11-dev_11.3.0-1ubuntu1~22.04_amd64.deb ...
Unpacking libstdc++-11-dev:amd64 (11.3.0-1ubuntu1~22.04) ...
Selecting previously unselected package g++-11.
Preparing to unpack .../21-g++-11_11.3.0-1ubuntu1~22.04_amd64.deb ...
Unpacking g++-11 (11.3.0-1ubuntu1~22.04) ...
Selecting previously unselected package g++.
Preparing to unpack .../22-g++_4%3a11.2.0-1ubuntu1_amd64.deb ...
Unpacking g++ (4:11.2.0-1ubuntu1) ...
Selecting previously unselected package make.
Preparing to unpack .../23-make_4.3-4.1build1_amd64.deb ...
Unpacking make (4.3-4.1build1) ...
Selecting previously unselected package lto-disabled-list.
Preparing to unpack .../24-lto-disabled-list_24_all.deb ...
Unpacking lto-disabled-list (24) ...
Selecting previously unselected package dpkg-dev.
Preparing to unpack .../25-dpkg-dev_1.21.1ubuntu2.1_all.deb ...
Unpacking dpkg-dev (1.21.1ubuntu2.1) ...
Selecting previously unselected package build-essential.
Preparing to unpack .../26-build-essential_12.9ubuntu3_amd64.deb ...
Unpacking build-essential (12.9ubuntu3) ...
Selecting previously unselected package libfakeroot:amd64.
Preparing to unpack .../27-libfakeroot_1.28-1ubuntu1_amd64.deb ...
Unpacking libfakeroot:amd64 (1.28-1ubuntu1) ...
Selecting previously unselected package fakeroot.
Preparing to unpack .../28-fakeroot_1.28-1ubuntu1_amd64.deb ...
Unpacking fakeroot (1.28-1ubuntu1) ...
Selecting previously unselected package libalgorithm-diff-perl.
Preparing to unpack .../29-libalgorithm-diff-perl_1.201-1_all.deb ...
Unpacking libalgorithm-diff-perl (1.201-1) ...
Selecting previously unselected package libalgorithm-diff-xs-perl.
Preparing to unpack .../30-libalgorithm-diff-xs-perl_0.04-6build3_amd64.deb ...
Unpacking libalgorithm-diff-xs-perl (0.04-6build3) ...
Selecting previously unselected package libalgorithm-merge-perl.
Preparing to unpack .../31-libalgorithm-merge-perl_0.08-3_all.deb ...
Unpacking libalgorithm-merge-perl (0.08-3) ...
Selecting previously unselected package libc-devtools.
Preparing to unpack .../32-libc-devtools_2.35-0ubuntu3.1_amd64.deb ...
Unpacking libc-devtools (2.35-0ubuntu3.1) ...
Setting up gcc-11-base:amd64 (11.3.0-1ubuntu1~22.04) ...
Setting up lto-disabled-list (24) ...
Setting up libalgorithm-diff-perl (1.201-1) ...
Setting up linux-libc-dev:amd64 (5.15.0-60.66) ...
Setting up libfakeroot:amd64 (1.28-1ubuntu1) ...
Setting up libasan6:amd64 (11.3.0-1ubuntu1~22.04) ...
Setting up fakeroot (1.28-1ubuntu1) ...
update-alternatives: using /usr/bin/fakeroot-sysv to provide /usr/bin/fakeroot (fakeroot) in auto mode
Setting up libtirpc-dev:amd64 (1.3.2-2ubuntu0.1) ...
Setting up rpcsvc-proto (1.4.2-0ubuntu6) ...
Setting up make (4.3-4.1build1) ...
Setting up libquadmath0:amd64 (12.1.0-2ubuntu1~22.04) ...
Setting up libatomic1:amd64 (12.1.0-2ubuntu1~22.04) ...
Setting up libubsan1:amd64 (12.1.0-2ubuntu1~22.04) ...
Setting up libnsl-dev:amd64 (1.3.0-2build2) ...
Setting up libcrypt-dev:amd64 (1:4.4.27-1) ...
Setting up libc-dev-bin (2.35-0ubuntu3.1) ...
Setting up libalgorithm-diff-xs-perl (0.04-6build3) ...
Setting up libcc1-0:amd64 (12.1.0-2ubuntu1~22.04) ...
Setting up liblsan0:amd64 (12.1.0-2ubuntu1~22.04) ...
Setting up libitm1:amd64 (12.1.0-2ubuntu1~22.04) ...
Setting up libc-devtools (2.35-0ubuntu3.1) ...
Setting up libalgorithm-merge-perl (0.08-3) ...
Setting up libtsan0:amd64 (11.3.0-1ubuntu1~22.04) ...
Setting up cpp-11 (11.3.0-1ubuntu1~22.04) ...
Setting up dpkg-dev (1.21.1ubuntu2.1) ...
Setting up libgcc-11-dev:amd64 (11.3.0-1ubuntu1~22.04) ...
Setting up gcc-11 (11.3.0-1ubuntu1~22.04) ...
Setting up libc6-dev:amd64 (2.35-0ubuntu3.1) ...
Setting up gcc (4:11.2.0-1ubuntu1) ...
Setting up libstdc++-11-dev:amd64 (11.3.0-1ubuntu1~22.04) ...
Setting up g++-11 (11.3.0-1ubuntu1~22.04) ...
Setting up g++ (4:11.2.0-1ubuntu1) ...
update-alternatives: using /usr/bin/g++ to provide /usr/bin/c++ (c++) in auto mode
Setting up build-essential (12.9ubuntu3) ...
Processing triggers for man-db (2.10.2-1) ...
Processing triggers for libc-bin (2.35-0ubuntu3.1) ...
jond312@jond312-System-Product-Name:~$ sudo apt-get install libsdl2-dev
Reading package lists... Done
Building dependency tree... Done
Reading state information... Done
Some packages could not be installed. This may mean that you have
requested an impossible situation or if you are using the unstable
distribution that some required packages have not yet been created
or been moved out of Incoming.
The following information may help to resolve the situation:

The following packages have unmet dependencies:
 udev : Breaks: systemd (< 249.11-0ubuntu3.6)
        Breaks: systemd:i386 (< 249.11-0ubuntu3.6)
E: Error, pkgProblemResolver::Resolve generated breaks, this may be caused by held packages.
jond312@jond312-System-Product-Name:~$ sudo apt -y install coreutils
Reading package lists... Done
Building dependency tree... Done
Reading state information... Done
coreutils is already the newest version (8.32-4.1ubuntu1).
coreutils set to manually installed.
The following packages were automatically installed and are no longer required:
  chromium-codecs-ffmpeg-extra gstreamer1.0-vaapi i965-va-driver intel-media-va-driver libaacs0 libaom3 libass9
  libavcodec58 libavformat58 libavutil56 libbdplus0 libblas3 libbluray2 libbs2b0 libchromaprint1 libcodec2-1.0
  libdav1d5 libflite1 libgme0 libgsm1 libgstreamer-plugins-bad1.0-0 libigdgmm12 liblilv-0-0 libmfx1 libmysofa1
  libnorm1 libnvidia-egl-wayland1 libnvidia-extra-515 libopenmpt0 libpgm-5.3-0 libpostproc55 librabbitmq4
  librubberband2 libserd-0-0 libshine3 libsnappy1v5 libsord-0-0 libsratom-0-0 libsrt1.4-gnutls libssh-gcrypt-4
  libswresample3 libswscale5 libudfread0 libva-drm2 libva-wayland2 libva-x11-2 libva2 libvidstab1.1 libx265-199
  libxvidcore4 libzimg2 libzmq5 libzvbi-common libzvbi0 mesa-va-drivers pocketsphinx-en-us systemd-hwe-hwdb
  va-driver-all
Use 'sudo apt autoremove' to remove them.
0 upgraded, 0 newly installed, 0 to remove and 250 not upgraded.
jond312@jond312-System-Product-Name:~$ https://bedtools.readthedocs.io/en/latest/content/installation.html
bash: https://bedtools.readthedocs.io/en/latest/content/installation.html: No such file or directory
jond312@jond312-System-Product-Name:~$ apt-get install bedtools
E: Could not open lock file /var/lib/dpkg/lock-frontend - open (13: Permission denied)
E: Unable to acquire the dpkg frontend lock (/var/lib/dpkg/lock-frontend), are you root?
jond312@jond312-System-Product-Name:~$ sudo apt-get intall bedtools
E: Invalid operation intall
jond312@jond312-System-Product-Name:~$ mv bedtools.static.binary bedtools
mv: cannot stat 'bedtools.static.binary': No such file or directory
jond312@jond312-System-Product-Name:~$ sudo apt install bedtools
Reading package lists... Done
Building dependency tree... Done
Reading state information... Done
The following packages were automatically installed and are no longer required:
  chromium-codecs-ffmpeg-extra gstreamer1.0-vaapi i965-va-driver intel-media-va-driver libaacs0 libaom3 libass9
  libavcodec58 libavformat58 libavutil56 libbdplus0 libblas3 libbluray2 libbs2b0 libchromaprint1 libcodec2-1.0
  libdav1d5 libflite1 libgme0 libgsm1 libgstreamer-plugins-bad1.0-0 libigdgmm12 liblilv-0-0 libmfx1 libmysofa1
  libnorm1 libnvidia-egl-wayland1 libnvidia-extra-515 libopenmpt0 libpgm-5.3-0 libpostproc55 librabbitmq4
  librubberband2 libserd-0-0 libshine3 libsnappy1v5 libsord-0-0 libsratom-0-0 libsrt1.4-gnutls libssh-gcrypt-4
  libswresample3 libswscale5 libudfread0 libva-drm2 libva-wayland2 libva-x11-2 libva2 libvidstab1.1 libx265-199
  libxvidcore4 libzimg2 libzmq5 libzvbi-common libzvbi0 mesa-va-drivers pocketsphinx-en-us systemd-hwe-hwdb
  va-driver-all
Use 'sudo apt autoremove' to remove them.
The following NEW packages will be installed:
  bedtools
0 upgraded, 1 newly installed, 0 to remove and 250 not upgraded.
Need to get 563 kB of archives.
After this operation, 1,548 kB of additional disk space will be used.
Get:1 http://us.archive.ubuntu.com/ubuntu jammy-updates/universe amd64 bedtools amd64 2.30.0+dfsg-2ubuntu0.1 [563 kB]
Fetched 563 kB in 0s (2,954 kB/s)
Selecting previously unselected package bedtools.
(Reading database ... 204357 files and directories currently installed.)
Preparing to unpack .../bedtools_2.30.0+dfsg-2ubuntu0.1_amd64.deb ...
Unpacking bedtools (2.30.0+dfsg-2ubuntu0.1) ...
Setting up bedtools (2.30.0+dfsg-2ubuntu0.1) ...
jond312@jond312-System-Product-Name:~$ sudo apt install vcftools
Reading package lists... Done
Building dependency tree... Done
Reading state information... Done
The following packages were automatically installed and are no longer required:
  chromium-codecs-ffmpeg-extra gstreamer1.0-vaapi i965-va-driver intel-media-va-driver libaacs0 libaom3 libass9
  libavcodec58 libavformat58 libavutil56 libbdplus0 libblas3 libbluray2 libbs2b0 libchromaprint1 libcodec2-1.0
  libdav1d5 libflite1 libgme0 libgsm1 libgstreamer-plugins-bad1.0-0 libigdgmm12 liblilv-0-0 libmfx1 libmysofa1
  libnorm1 libnvidia-egl-wayland1 libnvidia-extra-515 libopenmpt0 libpgm-5.3-0 libpostproc55 librabbitmq4
  librubberband2 libserd-0-0 libshine3 libsnappy1v5 libsord-0-0 libsratom-0-0 libsrt1.4-gnutls libssh-gcrypt-4
  libswresample3 libswscale5 libudfread0 libva-drm2 libva-wayland2 libva-x11-2 libva2 libvidstab1.1 libx265-199
  libxvidcore4 libzimg2 libzmq5 libzvbi-common libzvbi0 mesa-va-drivers pocketsphinx-en-us systemd-hwe-hwdb
  va-driver-all
Use 'sudo apt autoremove' to remove them.
The following additional packages will be installed:
  libhtscodecs2 tabix
The following NEW packages will be installed:
  libhtscodecs2 tabix vcftools
0 upgraded, 3 newly installed, 0 to remove and 250 not upgraded.
Need to get 797 kB of archives.
After this operation, 2,785 kB of additional disk space will be used.
Do you want to continue? [Y/n] y
Get:1 http://us.archive.ubuntu.com/ubuntu jammy/universe amd64 libhtscodecs2 amd64 1.1.1-3 [53.2 kB]
Get:2 http://us.archive.ubuntu.com/ubuntu jammy/universe amd64 tabix amd64 1.13+ds-2build1 [351 kB]
Get:3 http://us.archive.ubuntu.com/ubuntu jammy/universe amd64 vcftools amd64 0.1.16-3 [393 kB]
Fetched 797 kB in 0s (3,604 kB/s)  
Selecting previously unselected package libhtscodecs2:amd64.
(Reading database ... 204410 files and directories currently installed.)
Preparing to unpack .../libhtscodecs2_1.1.1-3_amd64.deb ...
Unpacking libhtscodecs2:amd64 (1.1.1-3) ...
Selecting previously unselected package tabix.
Preparing to unpack .../tabix_1.13+ds-2build1_amd64.deb ...
Unpacking tabix (1.13+ds-2build1) ...
Selecting previously unselected package vcftools.
Preparing to unpack .../vcftools_0.1.16-3_amd64.deb ...
Unpacking vcftools (0.1.16-3) ...
Setting up libhtscodecs2:amd64 (1.1.1-3) ...
Setting up vcftools (0.1.16-3) ...
Setting up tabix (1.13+ds-2build1) ...
Processing triggers for man-db (2.10.2-1) ...
Processing triggers for libc-bin (2.35-0ubuntu3.1) ...
jond312@jond312-System-Product-Name:~$ bedtools --version
bedtools v2.30.0
jond312@jond312-System-Product-Name:~$ vcftools --version
VCFtools (0.1.16)
jond312@jond312-System-Product-Name:~$ wget ftp://ftp.ebi.ac.uk/pub/databases/gencode/Gencode_human/release_41/gencode.v41.annotation.gtf.gz
--2023-02-10 01:53:20--  ftp://ftp.ebi.ac.uk/pub/databases/gencode/Gencode_human/release_41/gencode.v41.annotation.gtf.gz
           => ‘gencode.v41.annotation.gtf.gz’
Resolving ftp.ebi.ac.uk (ftp.ebi.ac.uk)... 193.62.193.138
Connecting to ftp.ebi.ac.uk (ftp.ebi.ac.uk)|193.62.193.138|:21... connected.
Logging in as anonymous ... Logged in!
==> SYST ... done.    ==> PWD ... done.
==> TYPE I ... done.  ==> CWD (1) /pub/databases/gencode/Gencode_human/release_41 ... done.
==> SIZE gencode.v41.annotation.gtf.gz ... 49042889
==> PASV ... done.    ==> RETR gencode.v41.annotation.gtf.gz ... done.
Length: 49042889 (47M) (unauthoritative)

gencode.v41.annotation.gtf.gz 100%[===============================================>]  46.77M  14.7MB/s    in 3.5s    

2023-02-10 01:53:25 (13.3 MB/s) - ‘gencode.v41.annotation.gtf.gz’ saved [49042889]

jond312@jond312-System-Product-Name:~$ gunzip ~/Downloads/gencode.v41.annotation.gtf.gz
gzip: /home/jond312/Downloads/gencode.v41.annotation.gtf.gz: No such file or directory
jond312@jond312-System-Product-Name:~$ pwd
/home/jond312
jond312@jond312-System-Product-Name:~$ mkdir Downloads
mkdir: cannot create directory ‘Downloads’: File exists
jond312@jond312-System-Product-Name:~$ ls
Desktop  Documents  Downloads  gencode.v41.annotation.gtf.gz  Music  Pictures  Public  snap  Templates  Videos
jond312@jond312-System-Product-Name:~$ mv gencode.v41.annotation.gtf.gz ~/home/jond312/Downloads
mv: cannot move 'gencode.v41.annotation.gtf.gz' to '/home/jond312/home/jond312/Downloads': No such file or directory
jond312@jond312-System-Product-Name:~$ mv gencode.v41.annotation.gtf.gz /Downloads
mv: cannot create regular file '/Downloads': Permission denied
jond312@jond312-System-Product-Name:~$ ls
Desktop  Documents  Downloads  Music  Pictures  Public  snap  Templates  Videos
jond312@jond312-System-Product-Name:~$ gunzip ~/Downloads/gencode.v41.annotation.gtf.gz
jond312@jond312-System-Product-Name:~$ gtf2bed < ~/Downloads/gencode.v41.annotation.gtf > ~/Downloads/gencode.bed
Command 'gtf2bed' not found, but can be installed with:
sudo apt install bedops
jond312@jond312-System-Product-Name:~$ sudo apt install bedops
Reading package lists... Done
Building dependency tree... Done
Reading state information... Done
The following packages were automatically installed and are no longer required:
  chromium-codecs-ffmpeg-extra gstreamer1.0-vaapi i965-va-driver intel-media-va-driver libaacs0 libaom3 libass9
  libavcodec58 libavformat58 libavutil56 libbdplus0 libblas3 libbluray2 libbs2b0 libchromaprint1 libcodec2-1.0
  libdav1d5 libflite1 libgme0 libgsm1 libgstreamer-plugins-bad1.0-0 libigdgmm12 liblilv-0-0 libmfx1 libmysofa1
  libnorm1 libnvidia-egl-wayland1 libnvidia-extra-515 libopenmpt0 libpgm-5.3-0 libpostproc55 librabbitmq4
  librubberband2 libserd-0-0 libshine3 libsnappy1v5 libsord-0-0 libsratom-0-0 libsrt1.4-gnutls libssh-gcrypt-4
  libswresample3 libswscale5 libudfread0 libva-drm2 libva-wayland2 libva-x11-2 libva2 libvidstab1.1 libx265-199
  libxvidcore4 libzimg2 libzmq5 libzvbi-common libzvbi0 mesa-va-drivers pocketsphinx-en-us systemd-hwe-hwdb
  va-driver-all
Use 'sudo apt autoremove' to remove them.
The following additional packages will be installed:
  tcsh
The following NEW packages will be installed:
  bedops tcsh
0 upgraded, 2 newly installed, 0 to remove and 250 not upgraded.
Need to get 1,889 kB of archives.
After this operation, 10.1 MB of additional disk space will be used.
Do you want to continue? [Y/n] y
Get:1 http://us.archive.ubuntu.com/ubuntu jammy/universe amd64 tcsh amd64 6.21.00-1.1 [422 kB]
Get:2 http://us.archive.ubuntu.com/ubuntu jammy/universe amd64 bedops amd64 2.4.40+dfsg-1 [1,467 kB]
Fetched 1,889 kB in 2s (1,150 kB/s)
Selecting previously unselected package tcsh.
(Reading database ... 204541 files and directories currently installed.)
Preparing to unpack .../tcsh_6.21.00-1.1_amd64.deb ...
Unpacking tcsh (6.21.00-1.1) ...
Selecting previously unselected package bedops.
Preparing to unpack .../bedops_2.4.40+dfsg-1_amd64.deb ...
Unpacking bedops (2.4.40+dfsg-1) ...
Setting up tcsh (6.21.00-1.1) ...
update-alternatives: using /bin/tcsh to provide /bin/csh (csh) in auto mode
Setting up bedops (2.4.40+dfsg-1) ...
Processing triggers for man-db (2.10.2-1) ...
jond312@jond312-System-Product-Name:~$ gtf2bed < ~/Downloads/gencode.v41.annotation.gtf > ~/Downloads/gencode.bed
Warning: Potentially missing gene or transcript ID from GTF attributes (malformed GTF at line [1]?)
jond312@jond312-System-Product-Name:~$ grep "exon" ~/Downloads/gencode.bed > ~/Downloads/gencode.exons.bed ? ~/Downloads/gencode.exons.bed
grep: ?: No such file or directory
grep: /home/jond312/Downloads/gencode.exons.bed: input file is also the output
jond312@jond312-System-Product-Name:~$ ls
Desktop  Documents  Downloads  Music  Pictures  Public  snap  Templates  Videos
jond312@jond312-System-Product-Name:~$ cd /Downloads
bash: cd: /Downloads: No such file or directory
jond312@jond312-System-Product-Name:~$ cd Downloads
jond312@jond312-System-Product-Name:~/Downloads$ ls
gencode.bed  gencode.exons.bed  gencode.v41.annotation.gtf  NVIDIA-Linux-x86_64-525.89.02.run
jond312@jond312-System-Product-Name:~/Downloads$ '{print $1,$2,$3,$17}' ~/Downloads/gencode.exons.bed > ~/Downloads/cut_gencode_exons.bed
{print $1,$2,$3,$17}: command not found
jond312@jond312-System-Product-Name:~/Downloads$ awk '{print $1,$2,$3,$17}' ~/Downloads/gencode.exons.bed > ~/Downloads/cut_gencode_exons.bed
jond312@jond312-System-Product-Name:~/Downloads$ grep "chr3" ~/Downloads/cut_gencode_exons.bed > ~/Downloads/chr3_cut_gencode_exons.bed
jond312@jond312-System-Product-Name:~/Downloads$ awk '{$1=3 ; print ;}' ~/chr3_cut_gencode_exons.bed > ~/3_cut_gencoes_exons.bed
awk: cannot open /home/jond312/chr3_cut_gencode_exons.bed (No such file or directory)
jond312@jond312-System-Product-Name:~/Downloads$ ls
chr3_cut_gencode_exons.bed  gencode.bed        gencode.v41.annotation.gtf
cut_gencode_exons.bed       gencode.exons.bed  NVIDIA-Linux-x86_64-525.89.02.run
jond312@jond312-System-Product-Name:~/Downloads$ awk '{$1=3 ; print ;}' ~/Downloads/chr3_cut_gencode_exons.bed > ~/Downloads/3_cut_gencoes_exons.bed
jond312@jond312-System-Product-Name:~/Downloads$ awk -v OFS='\t' '{$1=$1}1' ~/Downloads/3_cut_gencodes_exons.bed > ~/Downloads/tab_3_cut_gencodes_exons.bed
awk: cannot open /home/jond312/Downloads/3_cut_gencodes_exons.bed (No such file or directory)
jond312@jond312-System-Product-Name:~/Downloads$ ls
3_cut_gencoes_exons.bed     cut_gencode_exons.bed  gencode.exons.bed           NVIDIA-Linux-x86_64-525.89.02.run
chr3_cut_gencode_exons.bed  gencode.bed            gencode.v41.annotation.gtf  tab_3_cut_gencodes_exons.bed
jond312@jond312-System-Product-Name:~/Downloads$ awk '{$1=3 ; print ;}' ~/Downloads/chr3_cut_gencode_exons.bed > ~/Downloads/3_cut_gencodes_exons.bed
jond312@jond312-System-Product-Name:~/Downloads$ awk '{$1=3 ; print ;}' ~/Downloads/chr3_cut_gencode_exons.bed > ~/Downloads/3_cut_gencodes_exons.bed
jond312@jond312-System-Product-Name:~/Downloads$ bedtools sort -i ~/tab_3_cut_gencodes_exons.bed > ~/sorted_tab_3_cut_gencodes_exons.bed
Error: The requested file (/home/jond312/tab_3_cut_gencodes_exons.bed) could not be opened. Error message: (No such file or directory). Exiting!
jond312@jond312-System-Product-Name:~/Downloads$ bedtools sort -i ~/Downloads/tab_3_cut_gencodes_exons.bed > ~/Downloads/sorted_tab_3_cut_gencodes_exons.bed
jond312@jond312-System-Product-Name:~/Downloads$ bedmap --echo --echo-map-id-uniq ~/chr3_mask.bed ~/sapiens_files/sorted_tab_3_cut_gencodes_exons.bed > ~/collated.bed
May use bedmap --help for more help.

Error: Error: stat() failed on: /home/jond312/chr3_mask.bed
jond312@jond312-System-Product-Name:~/Downloads$ bedmap --echo --echo-map-id-uniq ~/Downloads/chr3_mask.bed ~/sapiens_files/sorted_tab_3_cut_gencodes_exons.bed > ~/collated.bed
May use bedmap --help for more help.

Error: Error: stat() failed on: /home/jond312/Downloads/chr3_mask.bed
jond312@jond312-System-Product-Name:~/Downloads$ bedmap --echo --echo-map-id-uniq ~/Downloads/chr3_mask.bed ~/sapiens_files/sorted_tab_3_cut_gencodes_exons.bed > ~/collated.bed
May use bedmap --help for more help.

Error: Error: stat() failed on: /home/jond312/sapiens_files/sorted_tab_3_cut_gencodes_exons.bed
jond312@jond312-System-Product-Name:~/Downloads$ bedmap --echo --echo-map-id-uniq ~/Downloads/chr3_mask.bed ~/sapiens_files/sorted_tab_3_cut_gencodes_exons.bed > ~/collated.bed
May use bedmap --help for more help.

Error: Error: stat() failed on: /home/jond312/sapiens_files/sorted_tab_3_cut_gencodes_exons.bed
jond312@jond312-System-Product-Name:~/Downloads$ bedmap --echo --echo-map-id-uniq ~/Downloads/chr3_mask.bed ~/Downloads/sapiens_files/sorted_tab_3_cut_gencodes_exons.bed > ~/collated.bed
jond312@jond312-System-Product-Name:~/Downloads$ sed 's/|/\t/g' ~/gene_names_chag3.txt > ~/only_names_chag3.txt
sed: can't read /home/jond312/gene_names_chag3.txt: No such file or directory
jond312@jond312-System-Product-Name:~/Downloads$ git add .
Command 'git' not found, but can be installed with:
sudo apt install git
jond312@jond312-System-Product-Name:~/Downloads$ sudo apt install git
[sudo] password for jond312: 
Reading package lists... Done
Building dependency tree... Done
Reading state information... Done
The following packages were automatically installed and are no longer required:
  chromium-codecs-ffmpeg-extra gstreamer1.0-vaapi i965-va-driver intel-media-va-driver libaacs0 libaom3 libass9
  libavcodec58 libavformat58 libavutil56 libbdplus0 libblas3 libbluray2 libbs2b0 libchromaprint1 libcodec2-1.0
  libdav1d5 libflite1 libgme0 libgsm1 libgstreamer-plugins-bad1.0-0 libigdgmm12 liblilv-0-0 libmfx1 libmysofa1
  libnorm1 libnvidia-egl-wayland1 libnvidia-extra-515 libopenmpt0 libpgm-5.3-0 libpostproc55 librabbitmq4
  librubberband2 libserd-0-0 libshine3 libsnappy1v5 libsord-0-0 libsratom-0-0 libsrt1.4-gnutls libssh-gcrypt-4
  libswresample3 libswscale5 libudfread0 libva-drm2 libva-wayland2 libva-x11-2 libva2 libvidstab1.1 libx265-199
  libxvidcore4 libzimg2 libzmq5 libzvbi-common libzvbi0 mesa-va-drivers pocketsphinx-en-us systemd-hwe-hwdb
  va-driver-all
Use 'sudo apt autoremove' to remove them.
The following additional packages will be installed:
  git-man liberror-perl
Suggested packages:
  git-daemon-run | git-daemon-sysvinit git-doc git-email git-gui gitk gitweb git-cvs git-mediawiki git-svn
The following NEW packages will be installed:
  git git-man liberror-perl
0 upgraded, 3 newly installed, 0 to remove and 250 not upgraded.
Need to get 4,121 kB of archives.
After this operation, 20.9 MB of additional disk space will be used.
Do you want to continue? [Y/n] y
Get:1 http://us.archive.ubuntu.com/ubuntu jammy/main amd64 liberror-perl all 0.17029-1 [26.5 kB]
Get:2 http://us.archive.ubuntu.com/ubuntu jammy-updates/main amd64 git-man all 1:2.34.1-1ubuntu1.6 [953 kB]
Get:3 http://us.archive.ubuntu.com/ubuntu jammy-updates/main amd64 git amd64 1:2.34.1-1ubuntu1.6 [3,142 kB]
Fetched 4,121 kB in 0s (11.7 MB/s)
Selecting previously unselected package liberror-perl.
(Reading database ... 204827 files and directories currently installed.)
Preparing to unpack .../liberror-perl_0.17029-1_all.deb ...
Unpacking liberror-perl (0.17029-1) ...
Selecting previously unselected package git-man.
Preparing to unpack .../git-man_1%3a2.34.1-1ubuntu1.6_all.deb ...
Unpacking git-man (1:2.34.1-1ubuntu1.6) ...
Selecting previously unselected package git.
Preparing to unpack .../git_1%3a2.34.1-1ubuntu1.6_amd64.deb ...
Unpacking git (1:2.34.1-1ubuntu1.6) ...
Setting up liberror-perl (0.17029-1) ...
Setting up git-man (1:2.34.1-1ubuntu1.6) ...
Setting up git (1:2.34.1-1ubuntu1.6) ...
Processing triggers for man-db (2.10.2-1) ...
jond312@jond312-System-Product-Name:~/Downloads$ git add .
fatal: not a git repository (or any parent up to mount point /)
Stopping at filesystem boundary (GIT_DISCOVERY_ACROSS_FILESYSTEM not set).
jond312@jond312-System-Product-Name:~/Downloads$ git init -b main
Initialized empty Git repository in /home/jond312/Downloads/.git/
jond312@jond312-System-Product-Name:~/Downloads$ /
bash: /: Is a directory
jond312@jond312-System-Product-Name:~/Downloads$ cd /
jond312@jond312-System-Product-Name:/$ ls
bin   cdrom  etc   lib    lib64   lost+found  mnt  proc  run   snap  sys  usr
boot  dev    home  lib32  libx32  media       opt  root  sbin  srv   tmp  var
jond312@jond312-System-Product-Name:/$ cd /home
jond312@jond312-System-Product-Name:/home$ cd/jond312
bash: cd/jond312: No such file or directory
jond312@jond312-System-Product-Name:/home$ cd /jond312
bash: cd: /jond312: No such file or directory
jond312@jond312-System-Product-Name:/home$ ls
jond312  lost+found
jond312@jond312-System-Product-Name:/home$ cd /home/jond312
jond312@jond312-System-Product-Name:~$ git init -b main
Initialized empty Git repository in /home/jond312/.git/
jond312@jond312-System-Product-Name:~$ git add . && git commit -m "initial commit"
error: 'Downloads/' does not have a commit checked out
fatal: adding files failed
jond312@jond312-System-Product-Name:~$ git add .
error: 'Downloads/' does not have a commit checked out
fatal: adding files failed
jond312@jond312-System-Product-Name:~$ git innit
git: 'innit' is not a git command. See 'git --help'.

The most similar command is
	init
jond312@jond312-System-Product-Name:~$ ls
3_cut_gencoes_exons.bed  Documents  only_names_chag3.txt  snap                                 Videos
collated.bed             Downloads  Pictures              sorted_tab_3_cut_gencodes_exons.bed
Desktop                  Music      Public                Templates
jond312@jond312-System-Product-Name:~$ cd ~/home/jond312/Downloads
bash: cd: /home/jond312/home/jond312/Downloads: No such file or directory
jond312@jond312-System-Product-Name:~$ cd /Downloads
bash: cd: /Downloads: No such file or directory
jond312@jond312-System-Product-Name:~$ cd ~/Downloads
jond312@jond312-System-Product-Name:~/Downloads$ git innit
git: 'innit' is not a git command. See 'git --help'.

The most similar command is
	init
jond312@jond312-System-Product-Name:~/Downloads$ git init
Reinitialized existing Git repository in /home/jond312/Downloads/.git/
jond312@jond312-System-Product-Name:~/Downloads$ git add .
jond312@jond312-System-Product-Name:~/Downloads$ git commit -m "Working Pipeline v1"
Author identity unknown

*** Please tell me who you are.

Run

  git config --global user.email "you@example.com"
  git config --global user.name "Your Name"

to set your account's default identity.
Omit --global to set the identity only in this repository.

fatal: unable to auto-detect email address (got 'jond312@jond312-System-Product-Name.(none)')
jond312@jond312-System-Product-Name:~/Downloads$ git config --global user.email "jonathan.martins@stonybrook.edu"
jond312@jond312-System-Product-Name:~/Downloads$ git config --global user "L1-jmartins"
error: key does not contain a section: user
jond312@jond312-System-Product-Name:~/Downloads$ git config --global user.name "L1-jmartins"
jond312@jond312-System-Product-Name:~/Downloads$ git commit -m "Working Pipeline v1"
[main (root-commit) 82f3557] Working Pipeline v1
 56 files changed, 37051148 insertions(+)
 create mode 100644 3_cut_gencodes_exons.bed
 create mode 100644 3_cut_gencoes_exons.bed
 create mode 100644 NVIDIA-Linux-x86_64-525.89.02.run
 create mode 100644 chr10_mask.bed
 create mode 100644 chr10_mask.bed.gz
 create mode 100644 chr11_mask.bed
 create mode 100644 chr11_mask.bed.gz
 create mode 100644 chr12_mask.bed
 create mode 100644 chr12_mask.bed.gz
 create mode 100644 chr13_mask.bed
 create mode 100644 chr13_mask.bed.gz
 create mode 100644 chr14_mask.bed
 create mode 100644 chr14_mask.bed.gz
 create mode 100644 chr15_mask.bed
 create mode 100644 chr15_mask.bed.gz
 create mode 100644 chr16_mask.bed
 create mode 100644 chr16_mask.bed.gz
 create mode 100644 chr17_mask.bed
 create mode 100644 chr17_mask.bed.gz
 create mode 100644 chr18_mask.bed
 create mode 100644 chr18_mask.bed.gz
 create mode 100644 chr19_mask.bed
 create mode 100644 chr19_mask.bed.gz
 create mode 100644 chr1_mask.bed
 create mode 100644 chr1_mask.bed.gz
 create mode 100644 chr20_mask.bed
 create mode 100644 chr20_mask.bed.gz
 create mode 100644 chr21_mask.bed
 create mode 100644 chr21_mask.bed.gz
 create mode 100644 chr22_mask.bed
 create mode 100644 chr22_mask.bed.gz
 create mode 100644 chr2_mask.bed
 create mode 100644 chr2_mask.bed.gz
 create mode 100644 chr3_cut_gencode_exons.bed
 create mode 100644 chr3_mask.bed
 create mode 100644 chr3_mask.bed.gz
 create mode 100644 chr4_mask.bed
 create mode 100644 chr4_mask.bed.gz
 create mode 100644 chr5_mask.bed
 create mode 100644 chr5_mask.bed.gz
 create mode 100644 chr6_mask.bed
 create mode 100644 chr6_mask.bed.gz
 create mode 100644 chr7_mask.bed
 create mode 100644 chr7_mask.bed.gz
 create mode 100644 chr8_mask.bed
 create mode 100644 chr8_mask.bed.gz
 create mode 100644 chr9_mask.bed
 create mode 100644 chr9_mask.bed.gz
 create mode 100644 chrX_mask.bed
 create mode 100644 chrX_mask.bed.gz
 create mode 100644 cut_gencode_exons.bed
 create mode 100644 gencode.bed
 create mode 100644 gencode.exons.bed
 create mode 100644 gencode.v41.annotation.gtf
 create mode 100644 sapiens_files/sorted_tab_3_cut_gencodes_exons.bed
 create mode 100644 tab_3_cut_gencodes_exons.bed
jond312@jond312-System-Product-Name:~/Downloads$ git remote add origin https://github.com/L1-jmartins/Neurogenomic-Neanderthal-Spring-2023.git
jond312@jond312-System-Product-Name:~/Downloads$ git push -u origin master
error: src refspec master does not match any
error: failed to push some refs to 'https://github.com/L1-jmartins/Neurogenomic-Neanderthal-Spring-2023.git'
jond312@jond312-System-Product-Name:~/Downloads$ git push -u origin main
Username for 'https://github.com': L1-jmartins
Password for 'https://L1-jmartins@github.com': 
remote: Support for password authentication was removed on August 13, 2021.
remote: Please see https://docs.github.com/en/get-started/getting-started-with-git/about-remote-repositories#cloning-with-https-urls for information on currently recommended modes of authentication.
fatal: Authentication failed for 'https://github.com/L1-jmartins/Neurogenomic-Neanderthal-Spring-2023.git/'
jond312@jond312-System-Product-Name:~/Downloads$ ^C
jond312@jond312-System-Product-Name:~/Downloads$ git push -u origin main
Username for 'https://github.com': L1-jmartins
Password for 'https://L1-jmartins@github.com': 
Enumerating objects: 57, done.
Counting objects: 100% (57/57), done.
Delta compression using up to 12 threads
Compressing objects: 100% (53/53), done.
Writing objects: 100% (57/57), 869.46 MiB | 1.23 MiB/s, done.
Total 57 (delta 1), reused 3 (delta 0), pack-reused 0
remote: Resolving deltas: 100% (1/1), done.
remote: warning: File chr1_mask.bed is 50.24 MB; this is larger than GitHub's recommended maximum file size of 50.00 MB
remote: warning: File chr2_mask.bed is 55.01 MB; this is larger than GitHub's recommended maximum file size of 50.00 MB
remote: error: Trace: 135b70c11db795cc44e1b3b7d70fc6033f4ef73f1fdfc7403b76bf7652cd04fd
remote: error: See http://git.io/iEPt8g for more information.
remote: error: File NVIDIA-Linux-x86_64-525.89.02.run is 394.93 MB; this exceeds GitHub's file size limit of 100.00 MB
remote: error: File cut_gencode_exons.bed is 203.40 MB; this exceeds GitHub's file size limit of 100.00 MB
remote: error: File gencode.bed is 1534.31 MB; this exceeds GitHub's file size limit of 100.00 MB
remote: error: File gencode.exons.bed is 1527.09 MB; this exceeds GitHub's file size limit of 100.00 MB
remote: error: File gencode.v41.annotation.gtf is 1473.60 MB; this exceeds GitHub's file size limit of 100.00 MB
remote: error: GH001: Large files detected. You may want to try Git Large File Storage - https://git-lfs.github.com.
To https://github.com/L1-jmartins/Neurogenomic-Neanderthal-Spring-2023.git
 ! [remote rejected] main -> main (pre-receive hook declined)
error: failed to push some refs to 'https://github.com/L1-jmartins/Neurogenomic-Neanderthal-Spring-2023.git'
jond312@jond312-System-Product-Name:~/Downloads$ 
do apt install bedtools
Reading package lists... Done
Building dependency tree... Done
Reading state information... Done
The following packages were automatically installed and are no longer required:
  chromium-codecs-ffmpeg-extra gstreamer1.0-vaapi i965-va-driver intel-media-va-driver libaacs0 libaom3 libass9
  libavcodec58 libavformat58 libavutil56 libbdplus0 libblas3 libbluray2 libbs2b0 libchromaprint1 libcodec2-1.0
  libdav1d5 libflite1 libgme0 libgsm1 libgstreamer-plugins-bad1.0-0 libigdgmm12 liblilv-0-0 libmfx1 libmysofa1
  libnorm1 libnvidia-egl-wayland1 libnvidia-extra-515 libopenmpt0 libpgm-5.3-0 libpostproc55 librabbitmq4
  librubberband2 libserd-0-0 libshine3 libsnappy1v5 libsord-0-0 libsratom-0-0 libsrt1.4-gnutls libssh-gcrypt-4
  libswresample3 libswscale5 libudfread0 libva-drm2 libva-wayland2 libva-x11-2 libva2 libvidstab1.1 libx265-199
  libxvidcore4 libzimg2 libzmq5 libzvbi-common libzvbi0 mesa-va-drivers pocketsphinx-en-us systemd-hwe-hwdb
  va-driver-all
Use 'sudo apt autoremove' to remove them.
The following NEW packages will be installed:
  bedtools
0 upgraded, 1 newly installed, 0 to remove and 250 not upgraded.
Need to get 563 kB of archives.
After this operation, 1,548 kB of additional disk space will be used.
Get:1 http://us.archive.ubuntu.com/ubuntu jammy-updates/universe amd64 bedtools amd64 2.30.0+dfsg-2ubuntu0.1 [563 kB]
Fetched 563 kB in 0s (2,954 kB/s)
Selecting previously unselected package bedtools.
(Reading database ... 204357 files and directories currently installed.)
Preparing to unpack .../bedtools_2.30.0+dfsg-2ubuntu0.1_amd64.deb ...
Unpacking bedtools (2.30.0+dfsg-2ubuntu0.1) ...
Setting up bedtools (2.30.0+dfsg-2ubuntu0.1) ...
jond312@jond312-System-Product-Name:~$ sudo apt install vcftools
Reading package lists... Done
Building dependency tree... Done
Reading state information... Done
The following packages were automatically installed and are no longer required:
  chromium-codecs-ffmpeg-extra gstreamer1.0-vaapi i965-va-driver intel-media-va-driver libaacs0 libaom3 libass9
  libavcodec58 libavformat58 libavutil56 libbdplus0 libblas3 libbluray2 libbs2b0 libchromaprint1 libcodec2-1.0
  libdav1d5 libflite1 libgme0 libgsm1 libgstreamer-plugins-bad1.0-0 libigdgmm12 liblilv-0-0 libmfx1 libmysofa1
  libnorm1 libnvidia-egl-wayland1 libnvidia-extra-515 libopenmpt0 libpgm-5.3-0 libpostproc55 librabbitmq4
  librubberband2 libserd-0-0 libshine3 libsnappy1v5 libsord-0-0 libsratom-0-0 libsrt1.4-gnutls libssh-gcrypt-4
  libswresample3 libswscale5 libudfread0 libva-drm2 libva-wayland2 libva-x11-2 libva2 libvidstab1.1 libx265-199
  libxvidcore4 libzimg2 libzmq5 libzvbi-common libzvbi0 mesa-va-drivers pocketsphinx-en-us systemd-hwe-hwdb
  va-driver-all
Use 'sudo apt autoremove' to remove them.
The following additional packages will be installed:
  libhtscodecs2 tabix
The following NEW packages will be installed:
  libhtscodecs2 tabix vcftools
0 upgraded, 3 newly installed, 0 to remove and 250 not upgraded.
Need to get 797 kB of archives.
After this operation, 2,785 kB of additional disk space will be used.
Do you want to continue? [Y/n] y
Get:1 http://us.archive.ubuntu.com/ubuntu jammy/universe amd64 libhtscodecs2 amd64 1.1.1-3 [53.2 kB]
Get:2 http://us.archive.ubuntu.com/ubuntu jammy/universe amd64 tabix amd64 1.13+ds-2build1 [351 kB]
Get:3 http://us.archive.ubuntu.com/ubuntu jammy/universe amd64 vcftools amd64 0.1.16-3 [393 kB]
Fetched 797 kB in 0s (3,604 kB/s)  
Selecting previously unselected package libhtscodecs2:amd64.
(Reading database ... 204410 files and directories currently installed.)
Preparing to unpack .../libhtscodecs2_1.1.1-3_amd64.deb ...
Unpacking libhtscodecs2:amd64 (1.1.1-3) ...
Selecting previously unselected package tabix.
Preparing to unpack .../tabix_1.13+ds-2build1_amd64.deb ...
Unpacking tabix (1.13+ds-2build1) ...
Selecting previously unselected package vcftools.
Preparing to unpack .../vcftools_0.1.16-3_amd64.deb ...
Unpacking vcftools (0.1.16-3) ...
Setting up libhtscodecs2:amd64 (1.1.1-3) ...
Setting up vcftools (0.1.16-3) ...
Setting up tabix (1.13+ds-2build1) ...
Processing triggers for man-db (2.10.2-1) ...
Processing triggers for libc-bin (2.35-0ubuntu3.1) ...
jond312@jond312-System-Product-Name:~$ bedtools --version
bedtools v2.30.0
jond312@jond312-System-Product-Name:~$ vcftools --version
VCFtools (0.1.16)
jond312@jond312-System-Product-Name:~$ wget ftp://ftp.ebi.ac.uk/pub/databases/gencode/Gencode_human/release_41/gencode.v41.annotation.gtf.gz
--2023-02-10 01:53:20--  ftp://ftp.ebi.ac.uk/pub/databases/gencode/Gencode_human/release_41/gencode.v41.annotation.gtf.gz
           => ‘gencode.v41.annotation.gtf.gz’
Resolving ftp.ebi.ac.uk (ftp.ebi.ac.uk)... 193.62.193.138
Connecting to ftp.ebi.ac.uk (ftp.ebi.ac.uk)|193.62.193.138|:21... connected.
Logging in as anonymous ... Logged in!
==> SYST ... done.    ==> PWD ... done.
==> TYPE I ... done.  ==> CWD (1) /pub/databases/gencode/Gencode_human/release_41 ... done.
==> SIZE gencode.v41.annotation.gtf.gz ... 49042889
==> PASV ... done.    ==> RETR gencode.v41.annotation.gtf.gz ... done.
Length: 49042889 (47M) (unauthoritative)

gencode.v41.annotation.gtf.gz 100%[===============================================>]  46.77M  14.7MB/s    in 3.5s    

2023-02-10 01:53:25 (13.3 MB/s) - ‘gencode.v41.annotation.gtf.gz’ saved [49042889]

jond312@jond312-System-Product-Name:~$ gunzip ~/Downloads/gencode.v41.annotation.gtf.gz
gzip: /home/jond312/Downloads/gencode.v41.annotation.gtf.gz: No such file or directory
jond312@jond312-System-Product-Name:~$ pwd
/home/jond312
jond312@jond312-System-Product-Name:~$ mkdir Downloads
mkdir: cannot create directory ‘Downloads’: File exists
jond312@jond312-System-Product-Name:~$ ls
Desktop  Documents  Downloads  gencode.v41.annotation.gtf.gz  Music  Pictures  Public  snap  Templates  Videos
jond312@jond312-System-Product-Name:~$ mv gencode.v41.annotation.gtf.gz ~/home/jond312/Downloads
mv: cannot move 'gencode.v41.annotation.gtf.gz' to '/home/jond312/home/jond312/Downloads': No such file or directory
jond312@jond312-System-Product-Name:~$ mv gencode.v41.annotation.gtf.gz /Downloads
mv: cannot create regular file '/Downloads': Permission denied
jond312@jond312-System-Product-Name:~$ ls
Desktop  Documents  Downloads  Music  Pictures  Public  snap  Templates  Videos
jond312@jond312-System-Product-Name:~$ gunzip ~/Downloads/gencode.v41.annotation.gtf.gz
jond312@jond312-System-Product-Name:~$ gtf2bed < ~/Downloads/gencode.v41.annotation.gtf > ~/Downloads/gencode.bed
Command 'gtf2bed' not found, but can be installed with:
sudo apt install bedops
jond312@jond312-System-Product-Name:~$ sudo apt install bedops
Reading package lists... Done
Building dependency tree... Done
Reading state information... Done
The following packages were automatically installed and are no longer required:
  chromium-codecs-ffmpeg-extra gstreamer1.0-vaapi i965-va-driver intel-media-va-driver libaacs0 libaom3 libass9
  libavcodec58 libavformat58 libavutil56 libbdplus0 libblas3 libbluray2 libbs2b0 libchromaprint1 libcodec2-1.0
  libdav1d5 libflite1 libgme0 libgsm1 libgstreamer-plugins-bad1.0-0 libigdgmm12 liblilv-0-0 libmfx1 libmysofa1
  libnorm1 libnvidia-egl-wayland1 libnvidia-extra-515 libopenmpt0 libpgm-5.3-0 libpostproc55 librabbitmq4
  librubberband2 libserd-0-0 libshine3 libsnappy1v5 libsord-0-0 libsratom-0-0 libsrt1.4-gnutls libssh-gcrypt-4
  libswresample3 libswscale5 libudfread0 libva-drm2 libva-wayland2 libva-x11-2 libva2 libvidstab1.1 libx265-199
  libxvidcore4 libzimg2 libzmq5 libzvbi-common libzvbi0 mesa-va-drivers pocketsphinx-en-us systemd-hwe-hwdb
  va-driver-all
Use 'sudo apt autoremove' to remove them.
The following additional packages will be installed:
  tcsh
The following NEW packages will be installed:
  bedops tcsh
0 upgraded, 2 newly installed, 0 to remove and 250 not upgraded.
Need to get 1,889 kB of archives.
After this operation, 10.1 MB of additional disk space will be used.
Do you want to continue? [Y/n] y
Get:1 http://us.archive.ubuntu.com/ubuntu jammy/universe amd64 tcsh amd64 6.21.00-1.1 [422 kB]
Get:2 http://us.archive.ubuntu.com/ubuntu jammy/universe amd64 bedops amd64 2.4.40+dfsg-1 [1,467 kB]
Fetched 1,889 kB in 2s (1,150 kB/s)
Selecting previously unselected package tcsh.
(Reading database ... 204541 files and directories currently installed.)
Preparing to unpack .../tcsh_6.21.00-1.1_amd64.deb ...
Unpacking tcsh (6.21.00-1.1) ...
Selecting previously unselected package bedops.
Preparing to unpack .../bedops_2.4.40+dfsg-1_amd64.deb ...
Unpacking bedops (2.4.40+dfsg-1) ...
Setting up tcsh (6.21.00-1.1) ...
update-alternatives: using /bin/tcsh to provide /bin/csh (csh) in auto mode
Setting up bedops (2.4.40+dfsg-1) ...
Processing triggers for man-db (2.10.2-1) ...
jond312@jond312-System-Product-Name:~$ gtf2bed < ~/Downloads/gencode.v41.annotation.gtf > ~/Downloads/gencode.bed
Warning: Potentially missing gene or transcript ID from GTF attributes (malformed GTF at line [1]?)
jond312@jond312-System-Product-Name:~$ grep "exon" ~/Downloads/gencode.bed > ~/Downloads/gencode.exons.bed ? ~/Downloads/gencode.exons.bed
grep: ?: No such file or directory
grep: /home/jond312/Downloads/gencode.exons.bed: input file is also the output
jond312@jond312-System-Product-Name:~$ ls
Desktop  Documents  Downloads  Music  Pictures  Public  snap  Templates  Videos
jond312@jond312-System-Product-Name:~$ cd /Downloads
bash: cd: /Downloads: No such file or directory
jond312@jond312-System-Product-Name:~$ cd Downloads
jond312@jond312-System-Product-Name:~/Downloads$ ls
gencode.bed  gencode.exons.bed  gencode.v41.annotation.gtf  NVIDIA-Linux-x86_64-525.89.02.run
jond312@jond312-System-Product-Name:~/Downloads$ '{print $1,$2,$3,$17}' ~/Downloads/gencode.exons.bed > ~/Downloads/cut_gencode_exons.bed
{print $1,$2,$3,$17}: command not found
jond312@jond312-System-Product-Name:~/Downloads$ awk '{print $1,$2,$3,$17}' ~/Downloads/gencode.exons.bed > ~/Downloads/cut_gencode_exons.bed
jond312@jond312-System-Product-Name:~/Downloads$ grep "chr3" ~/Downloads/cut_gencode_exons.bed > ~/Downloads/chr3_cut_gencode_exons.bed
jond312@jond312-System-Product-Name:~/Downloads$ awk '{$1=3 ; print ;}' ~/chr3_cut_gencode_exons.bed > ~/3_cut_gencoes_exons.bed
awk: cannot open /home/jond312/chr3_cut_gencode_exons.bed (No such file or directory)
jond312@jond312-System-Product-Name:~/Downloads$ ls
chr3_cut_gencode_exons.bed  gencode.bed        gencode.v41.annotation.gtf
cut_gencode_exons.bed       gencode.exons.bed  NVIDIA-Linux-x86_64-525.89.02.run
jond312@jond312-System-Product-Name:~/Downloads$ awk '{$1=3 ; print ;}' ~/Downloads/chr3_cut_gencode_exons.bed > ~/Downloads/3_cut_gencoes_exons.bed
jond312@jond312-System-Product-Name:~/Downloads$ awk -v OFS='\t' '{$1=$1}1' ~/Downloads/3_cut_gencodes_exons.bed > ~/Downloads/tab_3_cut_gencodes_exons.bed
awk: cannot open /home/jond312/Downloads/3_cut_gencodes_exons.bed (No such file or directory)
jond312@jond312-System-Product-Name:~/Downloads$ ls
3_cut_gencoes_exons.bed     cut_gencode_exons.bed  gencode.exons.bed           NVIDIA-Linux-x86_64-525.89.02.run
chr3_cut_gencode_exons.bed  gencode.bed            gencode.v41.annotation.gtf  tab_3_cut_gencodes_exons.bed
jond312@jond312-System-Product-Name:~/Downloads$ awk '{$1=3 ; print ;}' ~/Downloads/chr3_cut_gencode_exons.bed > ~/Downloads/3_cut_gencodes_exons.bed
jond312@jond312-System-Product-Name:~/Downloads$ awk '{$1=3 ; print ;}' ~/Downloads/chr3_cut_gencode_exons.bed > ~/Downloads/3_cut_gencodes_exons.bed
jond312@jond312-System-Product-Name:~/Downloads$ bedtools sort -i ~/tab_3_cut_gencodes_exons.bed > ~/sorted_tab_3_cut_gencodes_exons.bed
Error: The requested file (/home/jond312/tab_3_cut_gencodes_exons.bed) could not be opened. Error message: (No such file or directory). Exiting!
jond312@jond312-System-Product-Name:~/Downloads$ bedtools sort -i ~/Downloads/tab_3_cut_gencodes_exons.bed > ~/Downloads/sorted_tab_3_cut_gencodes_exons.bed
jond312@jond312-System-Product-Name:~/Downloads$ bedmap --echo --echo-map-id-uniq ~/chr3_mask.bed ~/sapiens_files/sorted_tab_3_cut_gencodes_exons.bed > ~/collated.bed
May use bedmap --help for more help.

Error: Error: stat() failed on: /home/jond312/chr3_mask.bed
jond312@jond312-System-Product-Name:~/Downloads$ bedmap --echo --echo-map-id-uniq ~/Downloads/chr3_mask.bed ~/sapiens_files/sorted_tab_3_cut_gencodes_exons.bed > ~/collated.bed
May use bedmap --help for more help.

Error: Error: stat() failed on: /home/jond312/Downloads/chr3_mask.bed
jond312@jond312-System-Product-Name:~/Downloads$ bedmap --echo --echo-map-id-uniq ~/Downloads/chr3_mask.bed ~/sapiens_files/sorted_tab_3_cut_gencodes_exons.bed > ~/collated.bed
May use bedmap --help for more help.

Error: Error: stat() failed on: /home/jond312/sapiens_files/sorted_tab_3_cut_gencodes_exons.bed
jond312@jond312-System-Product-Name:~/Downloads$ bedmap --echo --echo-map-id-uniq ~/Downloads/chr3_mask.bed ~/sapiens_files/sorted_tab_3_cut_gencodes_exons.bed > ~/collated.bed
May use bedmap --help for more help.

Error: Error: stat() failed on: /home/jond312/sapiens_files/sorted_tab_3_cut_gencodes_exons.bed
jond312@jond312-System-Product-Name:~/Downloads$ bedmap --echo --echo-map-id-uniq ~/Downloads/chr3_mask.bed ~/Downloads/sapiens_files/sorted_tab_3_cut_gencodes_exons.bed > ~/collated.bed
jond312@jond312-System-Product-Name:~/Downloads$ sed 's/|/\t/g' ~/gene_names_chag3.txt > ~/only_names_chag3.txt
sed: can't read /home/jond312/gene_names_chag3.txt: No such file or directory
jond312@jond312-System-Product-Name:~/Downloads$ git add .
Command 'git' not found, but can be installed with:
sudo apt install git
jond312@jond312-System-Product-Name:~/Downloads$ sudo apt install git
[sudo] password for jond312: 
Reading package lists... Done
Building dependency tree... Done
Reading state information... Done
The following packages were automatically installed and are no longer required:
  chromium-codecs-ffmpeg-extra gstreamer1.0-vaapi i965-va-driver intel-media-va-driver libaacs0 libaom3 libass9
  libavcodec58 libavformat58 libavutil56 libbdplus0 libblas3 libbluray2 libbs2b0 libchromaprint1 libcodec2-1.0
  libdav1d5 libflite1 libgme0 libgsm1 libgstreamer-plugins-bad1.0-0 libigdgmm12 liblilv-0-0 libmfx1 libmysofa1
  libnorm1 libnvidia-egl-wayland1 libnvidia-extra-515 libopenmpt0 libpgm-5.3-0 libpostproc55 librabbitmq4
  librubberband2 libserd-0-0 libshine3 libsnappy1v5 libsord-0-0 libsratom-0-0 libsrt1.4-gnutls libssh-gcrypt-4
  libswresample3 libswscale5 libudfread0 libva-drm2 libva-wayland2 libva-x11-2 libva2 libvidstab1.1 libx265-199
  libxvidcore4 libzimg2 libzmq5 libzvbi-common libzvbi0 mesa-va-drivers pocketsphinx-en-us systemd-hwe-hwdb
  va-driver-all
Use 'sudo apt autoremove' to remove them.
The following additional packages will be installed:
  git-man liberror-perl
Suggested packages:
  git-daemon-run | git-daemon-sysvinit git-doc git-email git-gui gitk gitweb git-cvs git-mediawiki git-svn
The following NEW packages will be installed:
  git git-man liberror-perl
0 upgraded, 3 newly installed, 0 to remove and 250 not upgraded.
Need to get 4,121 kB of archives.
After this operation, 20.9 MB of additional disk space will be used.
Do you want to continue? [Y/n] y
Get:1 http://us.archive.ubuntu.com/ubuntu jammy/main amd64 liberror-perl all 0.17029-1 [26.5 kB]
Get:2 http://us.archive.ubuntu.com/ubuntu jammy-updates/main amd64 git-man all 1:2.34.1-1ubuntu1.6 [953 kB]
Get:3 http://us.archive.ubuntu.com/ubuntu jammy-updates/main amd64 git amd64 1:2.34.1-1ubuntu1.6 [3,142 kB]
Fetched 4,121 kB in 0s (11.7 MB/s)
Selecting previously unselected package liberror-perl.
(Reading database ... 204827 files and directories currently installed.)
Preparing to unpack .../liberror-perl_0.17029-1_all.deb ...
Unpacking liberror-perl (0.17029-1) ...
Selecting previously unselected package git-man.
Preparing to unpack .../git-man_1%3a2.34.1-1ubuntu1.6_all.deb ...
Unpacking git-man (1:2.34.1-1ubuntu1.6) ...
Selecting previously unselected package git.
Preparing to unpack .../git_1%3a2.34.1-1ubuntu1.6_amd64.deb ...
Unpacking git (1:2.34.1-1ubuntu1.6) ...
Setting up liberror-perl (0.17029-1) ...
Setting up git-man (1:2.34.1-1ubuntu1.6) ...
Setting up git (1:2.34.1-1ubuntu1.6) ...
Processing triggers for man-db (2.10.2-1) ...
jond312@jond312-System-Product-Name:~/Downloads$ git add .
fatal: not a git repository (or any parent up to mount point /)
Stopping at filesystem boundary (GIT_DISCOVERY_ACROSS_FILESYSTEM not set).
jond312@jond312-System-Product-Name:~/Downloads$ git init -b main
Initialized empty Git repository in /home/jond312/Downloads/.git/
jond312@jond312-System-Product-Name:~/Downloads$ /
bash: /: Is a directory
jond312@jond312-System-Product-Name:~/Downloads$ cd /
jond312@jond312-System-Product-Name:/$ ls
bin   cdrom  etc   lib    lib64   lost+found  mnt  proc  run   snap  sys  usr
boot  dev    home  lib32  libx32  media       opt  root  sbin  srv   tmp  var
jond312@jond312-System-Product-Name:/$ cd /home
jond312@jond312-System-Product-Name:/home$ cd/jond312
bash: cd/jond312: No such file or directory
jond312@jond312-System-Product-Name:/home$ cd /jond312
bash: cd: /jond312: No such file or directory
jond312@jond312-System-Product-Name:/home$ ls
jond312  lost+found
jond312@jond312-System-Product-Name:/home$ cd /home/jond312
jond312@jond312-System-Product-Name:~$ git init -b main
Initialized empty Git repository in /home/jond312/.git/
jond312@jond312-System-Product-Name:~$ git add . && git commit -m "initial commit"
error: 'Downloads/' does not have a commit checked out
fatal: adding files failed
jond312@jond312-System-Product-Name:~$ git add .
error: 'Downloads/' does not have a commit checked out
fatal: adding files failed
jond312@jond312-System-Product-Name:~$ git innit
git: 'innit' is not a git command. See 'git --help'.

The most similar command is
	init
jond312@jond312-System-Product-Name:~$ ls
3_cut_gencoes_exons.bed  Documents  only_names_chag3.txt  snap                                 Videos
collated.bed             Downloads  Pictures              sorted_tab_3_cut_gencodes_exons.bed
Desktop                  Music      Public                Templates
jond312@jond312-System-Product-Name:~$ cd ~/home/jond312/Downloads
bash: cd: /home/jond312/home/jond312/Downloads: No such file or directory
jond312@jond312-System-Product-Name:~$ cd /Downloads
bash: cd: /Downloads: No such file or directory
jond312@jond312-System-Product-Name:~$ cd ~/Downloads
jond312@jond312-System-Product-Name:~/Downloads$ git innit
git: 'innit' is not a git command. See 'git --help'.

The most similar command is
	init
jond312@jond312-System-Product-Name:~/Downloads$ git init
Reinitialized existing Git repository in /home/jond312/Downloads/.git/
jond312@jond312-System-Product-Name:~/Downloads$ git add .
jond312@jond312-System-Product-Name:~/Downloads$ git commit -m "Working Pipeline v1"
Author identity unknown

*** Please tell me who you are.

Run

  git config --global user.email "you@example.com"
  git config --global user.name "Your Name"

to set your account's default identity.
Omit --global to set the identity only in this repository.

fatal: unable to auto-detect email address (got 'jond312@jond312-System-Product-Name.(none)')
jond312@jond312-System-Product-Name:~/Downloads$ git config --global user.email "jonathan.martins@stonybrook.edu"
jond312@jond312-System-Product-Name:~/Downloads$ git config --global user "L1-jmartins"
error: key does not contain a section: user
jond312@jond312-System-Product-Name:~/Downloads$ git config --global user.name "L1-jmartins"
jond312@jond312-System-Product-Name:~/Downloads$ git commit -m "Working Pipeline v1"
[main (root-commit) 82f3557] Working Pipeline v1
 56 files changed, 37051148 insertions(+)
 create mode 100644 3_cut_gencodes_exons.bed
 create mode 100644 3_cut_gencoes_exons.bed
 create mode 100644 NVIDIA-Linux-x86_64-525.89.02.run
 create mode 100644 chr10_mask.bed
 create mode 100644 chr10_mask.bed.gz
 create mode 100644 chr11_mask.bed
 create mode 100644 chr11_mask.bed.gz
 create mode 100644 chr12_mask.bed
 create mode 100644 chr12_mask.bed.gz
 create mode 100644 chr13_mask.bed
 create mode 100644 chr13_mask.bed.gz
 create mode 100644 chr14_mask.bed
 create mode 100644 chr14_mask.bed.gz
 create mode 100644 chr15_mask.bed
 create mode 100644 chr15_mask.bed.gz
 create mode 100644 chr16_mask.bed
 create mode 100644 chr16_mask.bed.gz
 create mode 100644 chr17_mask.bed
 create mode 100644 chr17_mask.bed.gz
 create mode 100644 chr18_mask.bed
 create mode 100644 chr18_mask.bed.gz
 create mode 100644 chr19_mask.bed
 create mode 100644 chr19_mask.bed.gz
 create mode 100644 chr1_mask.bed
 create mode 100644 chr1_mask.bed.gz
 create mode 100644 chr20_mask.bed
 create mode 100644 chr20_mask.bed.gz
 create mode 100644 chr21_mask.bed
 create mode 100644 chr21_mask.bed.gz
 create mode 100644 chr22_mask.bed
 create mode 100644 chr22_mask.bed.gz
 create mode 100644 chr2_mask.bed
 create mode 100644 chr2_mask.bed.gz
 create mode 100644 chr3_cut_gencode_exons.bed
 create mode 100644 chr3_mask.bed
 create mode 100644 chr3_mask.bed.gz
 create mode 100644 chr4_mask.bed
 create mode 100644 chr4_mask.bed.gz
 create mode 100644 chr5_mask.bed
 create mode 100644 chr5_mask.bed.gz
 create mode 100644 chr6_mask.bed
 create mode 100644 chr6_mask.bed.gz
 create mode 100644 chr7_mask.bed
 create mode 100644 chr7_mask.bed.gz
 create mode 100644 chr8_mask.bed
 create mode 100644 chr8_mask.bed.gz
 create mode 100644 chr9_mask.bed
 create mode 100644 chr9_mask.bed.gz
 create mode 100644 chrX_mask.bed
 create mode 100644 chrX_mask.bed.gz
 create mode 100644 cut_gencode_exons.bed
 create mode 100644 gencode.bed
 create mode 100644 gencode.exons.bed
 create mode 100644 gencode.v41.annotation.gtf
 create mode 100644 sapiens_files/sorted_tab_3_cut_gencodes_exons.bed
 create mode 100644 tab_3_cut_gencodes_exons.bed
jond312@jond312-System-Product-Name:~/Downloads$ git remote add origin https://github.com/L1-jmartins/Neurogenomic-Neanderthal-Spring-2023.git
jond312@jond312-System-Product-Name:~/Downloads$ git push -u origin master
error: src refspec master does not match any
error: failed to push some refs to 'https://github.com/L1-jmartins/Neurogenomic-Neanderthal-Spring-2023.git'
jond312@jond312-System-Product-Name:~/Downloads$ git push -u origin main
Username for 'https://github.com': L1-jmartins
Password for 'https://L1-jmartins@github.com': 
remote: Support for password authentication was removed on August 13, 2021.
remote: Please see https://docs.github.com/en/get-started/getting-started-with-git/about-remote-repositories#cloning-with-https-urls for information on currently recommended modes of authentication.
fatal: Authentication failed for 'https://github.com/L1-jmartins/Neurogenomic-Neanderthal-Spring-2023.git/'
jond312@jond312-System-Product-Name:~/Downloads$ ^C
jond312@jond312-System-Product-Name:~/Downloads$ git push -u origin main
Username for 'https://github.com': L1-jmartins
Password for 'https://L1-jmartins@github.com': 
Enumerating objects: 57, done.
Counting objects: 100% (57/57), done.
Delta compression using up to 12 threads
Compressing objects: 100% (53/53), done.
Writing objects: 100% (57/57), 869.46 MiB | 1.23 MiB/s, done.
Total 57 (delta 1), reused 3 (delta 0), pack-reused 0
remote: Resolving deltas: 100% (1/1), done.
remote: warning: File chr1_mask.bed is 50.24 MB; this is larger than GitHub's recommended maximum file size of 50.00 MB
remote: warning: File chr2_mask.bed is 55.01 MB; this is larger than GitHub's recommended maximum file size of 50.00 MB
remote: error: Trace: 135b70c11db795cc44e1b3b7d70fc6033f4ef73f1fdfc7403b76bf7652cd04fd
remote: error: See http://git.io/iEPt8g for more information.
remote: error: File NVIDIA-Linux-x86_64-525.89.02.run is 394.93 MB; this exceeds GitHub's file size limit of 100.00 MB
remote: error: File cut_gencode_exons.bed is 203.40 MB; this exceeds GitHub's file size limit of 100.00 MB
remote: error: File gencode.bed is 1534.31 MB; this exceeds GitHub's file size limit of 100.00 MB
remote: error: File gencode.exons.bed is 1527.09 MB; this exceeds GitHub's file size limit of 100.00 MB
remote: error: File gencode.v41.annotation.gtf is 1473.60 MB; this exceeds GitHub's file size limit of 100.00 MB
remote: error: GH001: Large files detected. You may want to try Git Large File Storage - https://git-lfs.github.com.
To https://github.com/L1-jmartins/Neurogenomic-Neanderthal-Spring-2023.git
 ! [remote rejected] main -> main (pre-receive hook declined)
error: failed to push some refs to 'https://github.com/L1-jmartins/Neurogenomic-Neanderthal-Spring-2023.git'
jond312@jond312-System-Product-Name:~/Downloads$ 
